../Core/user/wheel_motor/wheel_motor.c:22:6:WM_CommInit	8	static
../Core/user/wheel_motor/wheel_motor.c:33:6:WM_Send	16	static
../Core/user/wheel_motor/wheel_motor.c:40:6:WM_SendDisable	40	static
../Core/user/wheel_motor/wheel_motor.c:48:6:WM_SendVelocity	48	static
../Core/user/wheel_motor/wheel_motor.c:56:6:WM_SendTorque	48	static
../Core/user/wheel_motor/wheel_motor.c:64:6:WM_SendRestart	40	static
../Core/user/wheel_motor/wheel_motor.c:72:6:WM_Receive	40	static
../Core/user/wheel_motor/wheel_motor.c:98:6:uart4DMA	24	static
