../Core/user/joint_motor/comm_can.c:26:21:LIMIT_MIN_MAX	24	static
../Core/user/joint_motor/comm_can.c:35:5:float_to_uint	32	static
../Core/user/joint_motor/comm_can.c:45:7:uint_to_float	32	static
../Core/user/joint_motor/comm_can.c:51:6:CommCan_Init	56	static
../Core/user/joint_motor/comm_can.c:100:13:_Transmit	48	static
../Core/user/joint_motor/comm_can.c:132:6:CommCan_SysMotorRestart	32	static
../Core/user/joint_motor/comm_can.c:146:6:CommCan_GetVerInfo	24	static
../Core/user/joint_motor/comm_can.c:151:6:CommCan_GetIq	24	static
../Core/user/joint_motor/comm_can.c:156:6:CommCan_GetVelocity	24	static
../Core/user/joint_motor/comm_can.c:161:6:CommCan_GetPosition	24	static
../Core/user/joint_motor/comm_can.c:166:6:CommCan_GetStatusInfo	24	static
../Core/user/joint_motor/comm_can.c:171:6:CommCan_GetMotorPara	24	static
../Core/user/joint_motor/comm_can.c:177:6:CommCan_SysMotorResetFault	24	static
../Core/user/joint_motor/comm_can.c:182:6:CommCan_SetZeroByCurrentRawAngle	24	static
../Core/user/joint_motor/comm_can.c:187:6:CommCan_SetPosCtrlMaxVelocity	40	static
../Core/user/joint_motor/comm_can.c:195:6:CommCan_SetPosVelCtrlMaxIq	40	static
../Core/user/joint_motor/comm_can.c:203:6:CommCan_SetIqCtrlSlope	40	static
../Core/user/joint_motor/comm_can.c:210:6:CommCan_SetVelCtrlAcc	40	static
../Core/user/joint_motor/comm_can.c:217:6:CommCan_SetPosKpParam	32	static
../Core/user/joint_motor/comm_can.c:223:6:CommCan_SetPosKiParam	32	static
../Core/user/joint_motor/comm_can.c:229:6:CommCan_SetVelKpParam	32	static
../Core/user/joint_motor/comm_can.c:235:6:CommCan_SetVelKiParam	32	static
../Core/user/joint_motor/comm_can.c:241:6:CommCan_SetIq	40	static
../Core/user/joint_motor/comm_can.c:247:6:CommCan_SetVelocity	40	static
../Core/user/joint_motor/comm_can.c:255:6:CommCan_SetAbsPosition_Count	32	static
../Core/user/joint_motor/comm_can.c:262:6:CommCan_SetRelateive_Count	32	static
../Core/user/joint_motor/comm_can.c:269:6:CommCan_ShortestHomePosition	24	static
../Core/user/joint_motor/comm_can.c:274:6:CommCan_BreakCtrl	24	static
../Core/user/joint_motor/comm_can.c:280:6:CommCan_MotorDisableCtrl	24	static
../Core/user/joint_motor/comm_can.c:285:6:CommCan_GetMitCtrlModePara	24	static
../Core/user/joint_motor/comm_can.c:290:6:CommCan_ConfigMitCtrlModePara	48	static
../Core/user/joint_motor/comm_can.c:301:6:CommCan_GetMitCtrlModeRealTimeData	24	static
../Core/user/joint_motor/comm_can.c:307:6:CommCan_MotorRunCtrlMode_Control	88	static
