../Core/user/joint_motor/joint_motor.h:106:21:degToRad	16	static
../Core/user/joint_motor/joint_motor.h:114:21:rpmToRadps	16	static
../Core/user/joint_motor/joint_motor.h:118:21:radpsToRpm	16	static
../Core/user/joint_motor/joint_motor.h:123:34:idToHandle	24	static
../Core/user/joint_motor/joint_motor.h:134:23:idToIndex	24	static
../Core/user/joint_motor/joint_motor.c:13:6:JM_CommInit	8	static
../Core/user/joint_motor/joint_motor.c:18:6:JM_Disable	16	static
../Core/user/joint_motor/joint_motor.c:22:6:JM_SetPosVelModeMaxTorque	24	static
../Core/user/joint_motor/joint_motor.c:30:6:JM_GetSoftwareInfo	16	static
../Core/user/joint_motor/joint_motor.c:34:6:JM_GetRealTimeStatusInfo	16	static
../Core/user/joint_motor/joint_motor.c:38:6:JM_GetMotorInfo	24	static
../Core/user/joint_motor/joint_motor.c:58:6:JM_VelMode	24	static
../Core/user/joint_motor/joint_motor.c:62:6:JM_PosRelaMode	24	static
../Core/user/joint_motor/joint_motor.c:67:6:JM_PosAbsMode	24	static
../Core/user/joint_motor/joint_motor.c:72:6:JM_GetTorque	16	static
../Core/user/joint_motor/joint_motor.c:79:6:JM_GetPos	16	static
../Core/user/joint_motor/joint_motor.c:83:6:JM_Restart	16	static
../Core/user/joint_motor/joint_motor.c:87:6:JM_ReturnToOrigin	16	static
../Core/user/joint_motor/joint_motor.c:92:6:HAL_CAN_RxFifo0MsgPendingCallback	24	static
../Core/user/joint_motor/joint_motor.c:295:6:solveMotorCanRx	64	static
../Core/user/joint_motor/joint_motor.c:626:6:JM_RefreshAll	16	static
../Core/user/joint_motor/joint_motor.c:635:6:JM_FindOrigin	24	static
