Archive member included to satisfy reference by file (symbol)

../Middlewares/ST/ARM/DSP/Lib\libarm_cortexM4lf_math.a(arm_pid_init_f32.o)
                              ./Core/user/sys/cli.o (arm_pid_init_f32)
C:/ST/STM32CubeIDE_1.19.0/STM32CubeIDE/plugins/com.st.stm32cube.ide.mcu.externaltools.gnu-tools-for-stm32.13.3.rel1.win32_1.0.0.202411081344/tools/bin/../lib/gcc/arm-none-eabi/13.3.1/../../../../arm-none-eabi/lib/thumb/v7e-m+fp/hard\libm.a(libm_a-wf_acos.o)
                              ./Core/user/sys/compute.o (acosf)
C:/ST/STM32CubeIDE_1.19.0/STM32CubeIDE/plugins/com.st.stm32cube.ide.mcu.externaltools.gnu-tools-for-stm32.13.3.rel1.win32_1.0.0.202411081344/tools/bin/../lib/gcc/arm-none-eabi/13.3.1/../../../../arm-none-eabi/lib/thumb/v7e-m+fp/hard\libm.a(libm_a-wf_asin.o)
                              ./Core/user/sys/compute.o (asinf)
C:/ST/STM32CubeIDE_1.19.0/STM32CubeIDE/plugins/com.st.stm32cube.ide.mcu.externaltools.gnu-tools-for-stm32.13.3.rel1.win32_1.0.0.202411081344/tools/bin/../lib/gcc/arm-none-eabi/13.3.1/../../../../arm-none-eabi/lib/thumb/v7e-m+fp/hard\libm.a(libm_a-wf_atan2.o)
                              ./Core/user/sys/compute.o (atan2f)
C:/ST/STM32CubeIDE_1.19.0/STM32CubeIDE/plugins/com.st.stm32cube.ide.mcu.externaltools.gnu-tools-for-stm32.13.3.rel1.win32_1.0.0.202411081344/tools/bin/../lib/gcc/arm-none-eabi/13.3.1/../../../../arm-none-eabi/lib/thumb/v7e-m+fp/hard\libm.a(libm_a-wf_sqrt.o)
                              ./Core/user/mpu6500/mpu6500.o (sqrtf)
C:/ST/STM32CubeIDE_1.19.0/STM32CubeIDE/plugins/com.st.stm32cube.ide.mcu.externaltools.gnu-tools-for-stm32.13.3.rel1.win32_1.0.0.202411081344/tools/bin/../lib/gcc/arm-none-eabi/13.3.1/../../../../arm-none-eabi/lib/thumb/v7e-m+fp/hard\libm.a(libm_a-sf_fabs.o)
                              C:/ST/STM32CubeIDE_1.19.0/STM32CubeIDE/plugins/com.st.stm32cube.ide.mcu.externaltools.gnu-tools-for-stm32.13.3.rel1.win32_1.0.0.202411081344/tools/bin/../lib/gcc/arm-none-eabi/13.3.1/../../../../arm-none-eabi/lib/thumb/v7e-m+fp/hard\libm.a(libm_a-wf_acos.o) (fabsf)
C:/ST/STM32CubeIDE_1.19.0/STM32CubeIDE/plugins/com.st.stm32cube.ide.mcu.externaltools.gnu-tools-for-stm32.13.3.rel1.win32_1.0.0.202411081344/tools/bin/../lib/gcc/arm-none-eabi/13.3.1/../../../../arm-none-eabi/lib/thumb/v7e-m+fp/hard\libm.a(libm_a-sf_nan.o)
                              C:/ST/STM32CubeIDE_1.19.0/STM32CubeIDE/plugins/com.st.stm32cube.ide.mcu.externaltools.gnu-tools-for-stm32.13.3.rel1.win32_1.0.0.202411081344/tools/bin/../lib/gcc/arm-none-eabi/13.3.1/../../../../arm-none-eabi/lib/thumb/v7e-m+fp/hard\libm.a(libm_a-wf_acos.o) (nanf)
C:/ST/STM32CubeIDE_1.19.0/STM32CubeIDE/plugins/com.st.stm32cube.ide.mcu.externaltools.gnu-tools-for-stm32.13.3.rel1.win32_1.0.0.202411081344/tools/bin/../lib/gcc/arm-none-eabi/13.3.1/../../../../arm-none-eabi/lib/thumb/v7e-m+fp/hard\libm.a(libm_a-ef_sqrt.o)
                              C:/ST/STM32CubeIDE_1.19.0/STM32CubeIDE/plugins/com.st.stm32cube.ide.mcu.externaltools.gnu-tools-for-stm32.13.3.rel1.win32_1.0.0.202411081344/tools/bin/../lib/gcc/arm-none-eabi/13.3.1/../../../../arm-none-eabi/lib/thumb/v7e-m+fp/hard\libm.a(libm_a-wf_sqrt.o) (__ieee754_sqrtf)
C:/ST/STM32CubeIDE_1.19.0/STM32CubeIDE/plugins/com.st.stm32cube.ide.mcu.externaltools.gnu-tools-for-stm32.13.3.rel1.win32_1.0.0.202411081344/tools/bin/../lib/gcc/arm-none-eabi/13.3.1/../../../../arm-none-eabi/lib/thumb/v7e-m+fp/hard\libm.a(libm_a-ef_acos.o)
                              C:/ST/STM32CubeIDE_1.19.0/STM32CubeIDE/plugins/com.st.stm32cube.ide.mcu.externaltools.gnu-tools-for-stm32.13.3.rel1.win32_1.0.0.202411081344/tools/bin/../lib/gcc/arm-none-eabi/13.3.1/../../../../arm-none-eabi/lib/thumb/v7e-m+fp/hard\libm.a(libm_a-wf_acos.o) (__ieee754_acosf)
C:/ST/STM32CubeIDE_1.19.0/STM32CubeIDE/plugins/com.st.stm32cube.ide.mcu.externaltools.gnu-tools-for-stm32.13.3.rel1.win32_1.0.0.202411081344/tools/bin/../lib/gcc/arm-none-eabi/13.3.1/../../../../arm-none-eabi/lib/thumb/v7e-m+fp/hard\libm.a(libm_a-ef_asin.o)
                              C:/ST/STM32CubeIDE_1.19.0/STM32CubeIDE/plugins/com.st.stm32cube.ide.mcu.externaltools.gnu-tools-for-stm32.13.3.rel1.win32_1.0.0.202411081344/tools/bin/../lib/gcc/arm-none-eabi/13.3.1/../../../../arm-none-eabi/lib/thumb/v7e-m+fp/hard\libm.a(libm_a-wf_asin.o) (__ieee754_asinf)
C:/ST/STM32CubeIDE_1.19.0/STM32CubeIDE/plugins/com.st.stm32cube.ide.mcu.externaltools.gnu-tools-for-stm32.13.3.rel1.win32_1.0.0.202411081344/tools/bin/../lib/gcc/arm-none-eabi/13.3.1/../../../../arm-none-eabi/lib/thumb/v7e-m+fp/hard\libm.a(libm_a-ef_atan2.o)
                              C:/ST/STM32CubeIDE_1.19.0/STM32CubeIDE/plugins/com.st.stm32cube.ide.mcu.externaltools.gnu-tools-for-stm32.13.3.rel1.win32_1.0.0.202411081344/tools/bin/../lib/gcc/arm-none-eabi/13.3.1/../../../../arm-none-eabi/lib/thumb/v7e-m+fp/hard\libm.a(libm_a-wf_atan2.o) (__ieee754_atan2f)
[...]
Memory Configuration

Name             Origin             Length             Attributes
CCMRAM           0x10000000         0x00010000         xrw
RAM              0x20000000         0x00020000         xrw
FLASH            0x08000000         0x00100000         xr
*default*        0x00000000         0xffffffff

Linker script and memory map

LOAD C:/ST/STM32CubeIDE_1.19.0/STM32CubeIDE/plugins/com.st.stm32cube.ide.mcu.externaltools.gnu-tools-for-stm32.13.3.rel1.win32_1.0.0.202411081344/tools/bin/../lib/gcc/arm-none-eabi/13.3.1/thumb/v7e-m+fp/hard/crti.o
LOAD C:/ST/STM32CubeIDE_1.19.0/STM32CubeIDE/plugins/com.st.stm32cube.ide.mcu.externaltools.gnu-tools-for-stm32.13.3.rel1.win32_1.0.0.202411081344/tools/bin/../lib/gcc/arm-none-eabi/13.3.1/thumb/v7e-m+fp/hard/crtbegin.o
LOAD C:/ST/STM32CubeIDE_1.19.0/STM32CubeIDE/plugins/com.st.stm32cube.ide.mcu.externaltools.gnu-tools-for-stm32.13.3.rel1.win32_1.0.0.202411081344/tools/bin/../lib/gcc/arm-none-eabi/13.3.1/../../../../arm-none-eabi/lib/thumb/v7e-m+fp/hard/crt0.o
LOAD ./Core/Src/adc.o
LOAD ./Core/Src/can.o
LOAD ./Core/Src/dma.o
LOAD ./Core/Src/gpio.o
LOAD ./Core/Src/i2c.o
LOAD ./Core/Src/main.o
LOAD ./Core/Src/spi.o
LOAD ./Core/Src/stm32f4xx_hal_msp.o
LOAD ./Core/Src/stm32f4xx_it.o
LOAD ./Core/Src/syscalls.o
LOAD ./Core/Src/sysmem.o
LOAD ./Core/Src/system_stm32f4xx.o
LOAD ./Core/Src/test.o
LOAD ./Core/Src/tim.o
LOAD ./Core/Src/usart.o
LOAD ./Core/Startup/startup_stm32f407zgtx.o
LOAD ./Core/user/joint_motor/comm_can.o
LOAD ./Core/user/joint_motor/joint_motor.o
LOAD ./Core/user/mpu6500/inv_mpu.o
LOAD ./Core/user/mpu6500/inv_mpu_dmp_motion_driver.o
LOAD ./Core/user/mpu6500/mpu6500.o
LOAD ./Core/user/sys/app.o
LOAD ./Core/user/sys/cli.o
LOAD ./Core/user/sys/compute.o
LOAD ./Core/user/wheel_motor/wheel_motor.o
LOAD ./Drivers/STM32F4xx_HAL_Driver/Src/stm32f4xx_hal.o
LOAD ./Drivers/STM32F4xx_HAL_Driver/Src/stm32f4xx_hal_adc.o
LOAD ./Drivers/STM32F4xx_HAL_Driver/Src/stm32f4xx_hal_adc_ex.o
LOAD ./Drivers/STM32F4xx_HAL_Driver/Src/stm32f4xx_hal_can.o
LOAD ./Drivers/STM32F4xx_HAL_Driver/Src/stm32f4xx_hal_cortex.o
LOAD ./Drivers/STM32F4xx_HAL_Driver/Src/stm32f4xx_hal_dma.o
LOAD ./Drivers/STM32F4xx_HAL_Driver/Src/stm32f4xx_hal_dma_ex.o
LOAD ./Drivers/STM32F4xx_HAL_Driver/Src/stm32f4xx_hal_exti.o
LOAD ./Drivers/STM32F4xx_HAL_Driver/Src/stm32f4xx_hal_flash.o
LOAD ./Drivers/STM32F4xx_HAL_Driver/Src/stm32f4xx_hal_flash_ex.o
LOAD ./Drivers/STM32F4xx_HAL_Driver/Src/stm32f4xx_hal_flash_ramfunc.o
LOAD ./Drivers/STM32F4xx_HAL_Driver/Src/stm32f4xx_hal_gpio.o
LOAD ./Drivers/STM32F4xx_HAL_Driver/Src/stm32f4xx_hal_i2c.o
LOAD ./Drivers/STM32F4xx_HAL_Driver/Src/stm32f4xx_hal_i2c_ex.o
LOAD ./Drivers/STM32F4xx_HAL_Driver/Src/stm32f4xx_hal_pwr.o
LOAD ./Drivers/STM32F4xx_HAL_Driver/Src/stm32f4xx_hal_pwr_ex.o
LOAD ./Drivers/STM32F4xx_HAL_Driver/Src/stm32f4xx_hal_rcc.o
LOAD ./Drivers/STM32F4xx_HAL_Driver/Src/stm32f4xx_hal_rcc_ex.o
LOAD ./Drivers/STM32F4xx_HAL_Driver/Src/stm32f4xx_hal_spi.o
LOAD ./Drivers/STM32F4xx_HAL_Driver/Src/stm32f4xx_hal_tim.o
LOAD ./Drivers/STM32F4xx_HAL_Driver/Src/stm32f4xx_hal_tim_ex.o
LOAD ./Drivers/STM32F4xx_HAL_Driver/Src/stm32f4xx_hal_uart.o
LOAD ./Drivers/STM32F4xx_HAL_Driver/Src/stm32f4xx_ll_adc.o
LOAD ../Middlewares/ST/ARM/DSP/Lib\libarm_cortexM4lf_math.a
START GROUP
LOAD C:/ST/STM32CubeIDE_1.19.0/STM32CubeIDE/plugins/com.st.stm32cube.ide.mcu.externaltools.gnu-tools-for-stm32.13.3.rel1.win32_1.0.0.202411081344/tools/bin/../lib/gcc/arm-none-eabi/13.3.1/../../../../arm-none-eabi/lib/thumb/v7e-m+fp/hard\libstdc++_nano.a
LOAD C:/ST/STM32CubeIDE_1.19.0/STM32CubeIDE/plugins/com.st.stm32cube.ide.mcu.externaltools.gnu-tools-for-stm32.13.3.rel1.win32_1.0.0.202411081344/tools/bin/../lib/gcc/arm-none-eabi/13.3.1/../../../../arm-none-eabi/lib/thumb/v7e-m+fp/hard\libsupc++_nano.a
END GROUP
LOAD C:/ST/STM32CubeIDE_1.19.0/STM32CubeIDE/plugins/com.st.stm32cube.ide.mcu.externaltools.gnu-tools-for-stm32.13.3.rel1.win32_1.0.0.202411081344/tools/bin/../lib/gcc/arm-none-eabi/13.3.1/../../../../arm-none-eabi/lib/thumb/v7e-m+fp/hard\libstdc++_nano.a
LOAD C:/ST/STM32CubeIDE_1.19.0/STM32CubeIDE/plugins/com.st.stm32cube.ide.mcu.externaltools.gnu-tools-for-stm32.13.3.rel1.win32_1.0.0.202411081344/tools/bin/../lib/gcc/arm-none-eabi/13.3.1/../../../../arm-none-eabi/lib/thumb/v7e-m+fp/hard\libm.a
LOAD C:/ST/STM32CubeIDE_1.19.0/STM32CubeIDE/plugins/com.st.stm32cube.ide.mcu.externaltools.gnu-tools-for-stm32.13.3.rel1.win32_1.0.0.202411081344/tools/bin/../lib/gcc/arm-none-eabi/13.3.1/../../../../arm-none-eabi/lib/thumb/v7e-m+fp/hard\libc_nano.a
START GROUP
LOAD C:/ST/STM32CubeIDE_1.19.0/STM32CubeIDE/plugins/com.st.stm32cube.ide.mcu.externaltools.gnu-tools-for-stm32.13.3.rel1.win32_1.0.0.202411081344/tools/bin/../lib/gcc/arm-none-eabi/13.3.1/thumb/v7e-m+fp/hard\libgcc.a
LOAD C:/ST/STM32CubeIDE_1.19.0/STM32CubeIDE/plugins/com.st.stm32cube.ide.mcu.externaltools.gnu-tools-for-stm32.13.3.rel1.win32_1.0.0.202411081344/tools/bin/../lib/gcc/arm-none-eabi/13.3.1/../../../../arm-none-eabi/lib/thumb/v7e-m+fp/hard\libc_nano.a
END GROUP
START GROUP
LOAD C:/ST/STM32CubeIDE_1.19.0/STM32CubeIDE/plugins/com.st.stm32cube.ide.mcu.externaltools.gnu-tools-for-stm32.13.3.rel1.win32_1.0.0.202411081344/tools/bin/../lib/gcc/arm-none-eabi/13.3.1/thumb/v7e-m+fp/hard\libgcc.a
LOAD C:/ST/STM32CubeIDE_1.19.0/STM32CubeIDE/plugins/com.st.stm32cube.ide.mcu.externaltools.gnu-tools-for-stm32.13.3.rel1.win32_1.0.0.202411081344/tools/bin/../lib/gcc/arm-none-eabi/13.3.1/../../../../arm-none-eabi/lib/thumb/v7e-m+fp/hard\libc_nano.a
LOAD C:/ST/STM32CubeIDE_1.19.0/STM32CubeIDE/plugins/com.st.stm32cube.ide.mcu.externaltools.gnu-tools-for-stm32.13.3.rel1.win32_1.0.0.202411081344/tools/bin/../lib/gcc/arm-none-eabi/13.3.1/../../../../arm-none-eabi/lib/thumb/v7e-m+fp/hard\libnosys.a
END GROUP
START GROUP
LOAD C:/ST/STM32CubeIDE_1.19.0/STM32CubeIDE/plugins/com.st.stm32cube.ide.mcu.externaltools.gnu-tools-for-stm32.13.3.rel1.win32_1.0.0.202411081344/tools/bin/../lib/gcc/arm-none-eabi/13.3.1/thumb/v7e-m+fp/hard\libgcc.a
LOAD C:/ST/STM32CubeIDE_1.19.0/STM32CubeIDE/plugins/com.st.stm32cube.ide.mcu.externaltools.gnu-tools-for-stm32.13.3.rel1.win32_1.0.0.202411081344/tools/bin/../lib/gcc/arm-none-eabi/13.3.1/../../../../arm-none-eabi/lib/thumb/v7e-m+fp/hard\libc_nano.a
LOAD C:/ST/STM32CubeIDE_1.19.0/STM32CubeIDE/plugins/com.st.stm32cube.ide.mcu.externaltools.gnu-tools-for-stm32.13.3.rel1.win32_1.0.0.202411081344/tools/bin/../lib/gcc/arm-none-eabi/13.3.1/../../../../arm-none-eabi/lib/thumb/v7e-m+fp/hard\libnosys.a
END GROUP
LOAD C:/ST/STM32CubeIDE_1.19.0/STM32CubeIDE/plugins/com.st.stm32cube.ide.mcu.externaltools.gnu-tools-for-stm32.13.3.rel1.win32_1.0.0.202411081344/tools/bin/../lib/gcc/arm-none-eabi/13.3.1/thumb/v7e-m+fp/hard/crtend.o
LOAD C:/ST/STM32CubeIDE_1.19.0/STM32CubeIDE/plugins/com.st.stm32cube.ide.mcu.externaltools.gnu-tools-for-stm32.13.3.rel1.win32_1.0.0.202411081344/tools/bin/../lib/gcc/arm-none-eabi/13.3.1/thumb/v7e-m+fp/hard/crtn.o
                0x20020000                        _estack = (ORIGIN (RAM) + LENGTH (RAM))
                0x00000200                        _Min_Heap_Size = 0x200
                0x00000400                        _Min_Stack_Size = 0x400

.isr_vector     0x08000000      0x188
                0x08000000                        . = ALIGN (0x4)
 *(.isr_vector)
 .isr_vector    0x08000000      0x188 ./Core/Startup/startup_stm32f407zgtx.o
                0x08000000                g_pfnVectors
                0x08000188                        . = ALIGN (0x4)

.text           0x08000190    0x108e8
                0x08000190                        . = ALIGN (0x4)
 *(.text)
 .text          0x08000190       0x40 C:/ST/STM32CubeIDE_1.19.0/STM32CubeIDE/plugins/com.st.stm32cube.ide.mcu.externaltools.gnu-tools-for-stm32.13.3.rel1.win32_1.0.0.202411081344/tools/bin/../lib/gcc/arm-none-eabi/13.3.1/thumb/v7e-m+fp/hard/crtbegin.o
 .text          0x080001d0       0xa0 C:/ST/STM32CubeIDE_1.19.0/STM32CubeIDE/plugins/com.st.stm32cube.ide.mcu.externaltools.gnu-tools-for-stm32.13.3.rel1.win32_1.0.0.202411081344/tools/bin/../lib/gcc/arm-none-eabi/13.3.1/../../../../arm-none-eabi/lib/thumb/v7e-m+fp/hard\libc_nano.a(libc_a-memchr.o)
                0x080001d0                memchr
 .text          0x08000270       0x10 C:/ST/STM32CubeIDE_1.19.0/STM32CubeIDE/plugins/com.st.stm32cube.ide.mcu.externaltools.gnu-tools-for-stm32.13.3.rel1.win32_1.0.0.202411081344/tools/bin/../lib/gcc/arm-none-eabi/13.3.1/../../../../arm-none-eabi/lib/thumb/v7e-m+fp/hard\libc_nano.a(libc_a-strlen.o)
                0x08000270                strlen
 .text          0x08000280      0x378 C:/ST/STM32CubeIDE_1.19.0/STM32CubeIDE/plugins/com.st.stm32cube.ide.mcu.externaltools.gnu-tools-for-stm32.13.3.rel1.win32_1.0.0.202411081344/tools/bin/../lib/gcc/arm-none-eabi/13.3.1/thumb/v7e-m+fp/hard\libgcc.a(_arm_addsubdf3.o)
                0x08000280                __aeabi_drsub
                0x08000288                __aeabi_dsub
                0x08000288                __subdf3
                0x0800028c                __aeabi_dadd
                0x0800028c                __adddf3
                0x08000504                __floatunsidf
                0x08000504                __aeabi_ui2d
                0x08000524                __floatsidf
                0x08000524                __aeabi_i2d
                0x08000548                __aeabi_f2d
                0x08000548                __extendsfdf2
                0x0800058c                __floatundidf
                0x0800058c                __aeabi_ul2d
                0x0800059c                __floatdidf
                0x0800059c                __aeabi_l2d
 .text          0x080005f8      0x424 C:/ST/STM32CubeIDE_1.19.0/STM32CubeIDE/plugins/com.st.stm32cube.ide.mcu.externaltools.gnu-tools-for-stm32.13.3.rel1.win32_1.0.0.202411081344/tools/bin/../lib/gcc/arm-none-eabi/13.3.1/thumb/v7e-m+fp/hard\libgcc.a(_arm_muldivdf3.o)
                0x080005f8                __aeabi_dmul
                0x080005f8                __muldf3
                0x0800084c                __divdf3
                0x0800084c                __aeabi_ddiv
 .text          0x08000a1c      0x110 C:/ST/STM32CubeIDE_1.19.0/STM32CubeIDE/plugins/com.st.stm32cube.ide.mcu.externaltools.gnu-tools-for-stm32.13.3.rel1.win32_1.0.0.202411081344/tools/bin/../lib/gcc/arm-none-eabi/13.3.1/thumb/v7e-m+fp/hard\libgcc.a(_arm_cmpdf2.o)
                0x08000a1c                __gtdf2
                0x08000a1c                __gedf2
                0x08000a24                __ltdf2
                0x08000a24                __ledf2
                0x08000a2c                __nedf2
                0x08000a2c                __eqdf2
                0x08000a2c                __cmpdf2
                0x08000aa8                __aeabi_cdrcmple
                0x08000ab8                __aeabi_cdcmpeq
                0x08000ab8                __aeabi_cdcmple
                0x08000ac8                __aeabi_dcmpeq
                0x08000adc                __aeabi_dcmplt
                0x08000af0                __aeabi_dcmple
                0x08000b04                __aeabi_dcmpge
                0x08000b18                __aeabi_dcmpgt
 .text          0x08000b2c       0x2c C:/ST/STM32CubeIDE_1.19.0/STM32CubeIDE/plugins/com.st.stm32cube.ide.mcu.externaltools.gnu-tools-for-stm32.13.3.rel1.win32_1.0.0.202411081344/tools/bin/../lib/gcc/arm-none-eabi/13.3.1/thumb/v7e-m+fp/hard\libgcc.a(_arm_unorddf2.o)
                0x08000b2c                __unorddf2
                0x08000b2c                __aeabi_dcmpun
 .text          0x08000b58       0x50 C:/ST/STM32CubeIDE_1.19.0/STM32CubeIDE/plugins/com.st.stm32cube.ide.mcu.externaltools.gnu-tools-for-stm32.13.3.rel1.win32_1.0.0.202411081344/tools/bin/../lib/gcc/arm-none-eabi/13.3.1/thumb/v7e-m+fp/hard\libgcc.a(_arm_fixdfsi.o)
                0x08000b58                __aeabi_d2iz
                0x08000b58                __fixdfsi
 .text          0x08000ba8       0x40 C:/ST/STM32CubeIDE_1.19.0/STM32CubeIDE/plugins/com.st.stm32cube.ide.mcu.externaltools.gnu-tools-for-stm32.13.3.rel1.win32_1.0.0.202411081344/tools/bin/../lib/gcc/arm-none-eabi/13.3.1/thumb/v7e-m+fp/hard\libgcc.a(_arm_fixunsdfsi.o)
                0x08000ba8                __aeabi_d2uiz
                0x08000ba8                __fixunsdfsi
 .text          0x08000be8       0xa0 C:/ST/STM32CubeIDE_1.19.0/STM32CubeIDE/plugins/com.st.stm32cube.ide.mcu.externaltools.gnu-tools-for-stm32.13.3.rel1.win32_1.0.0.202411081344/tools/bin/../lib/gcc/arm-none-eabi/13.3.1/thumb/v7e-m+fp/hard\libgcc.a(_arm_truncdfsf2.o)
                0x08000be8                __truncdfsf2
                0x08000be8                __aeabi_d2f
 .text          0x08000c88       0x30 C:/ST/STM32CubeIDE_1.19.0/STM32CubeIDE/plugins/com.st.stm32cube.ide.mcu.externaltools.gnu-tools-for-stm32.13.3.rel1.win32_1.0.0.202411081344/tools/bin/../lib/gcc/arm-none-eabi/13.3.1/thumb/v7e-m+fp/hard\libgcc.a(_aeabi_uldivmod.o)
                0x08000c88                __aeabi_uldivmod
 .text          0x08000cb8       0x30 C:/ST/STM32CubeIDE_1.19.0/STM32CubeIDE/plugins/com.st.stm32cube.ide.mcu.externaltools.gnu-tools-for-stm32.13.3.rel1.win32_1.0.0.202411081344/tools/bin/../lib/gcc/arm-none-eabi/13.3.1/thumb/v7e-m+fp/hard\libgcc.a(_fixdfdi.o)
                0x08000cb8                __fixdfdi
                0x08000cb8                __aeabi_d2lz
 .text          0x08000ce8       0x3c C:/ST/STM32CubeIDE_1.19.0/STM32CubeIDE/plugins/com.st.stm32cube.ide.mcu.externaltools.gnu-tools-for-stm32.13.3.rel1.win32_1.0.0.202411081344/tools/bin/../lib/gcc/arm-none-eabi/13.3.1/thumb/v7e-m+fp/hard\libgcc.a(_fixunsdfdi.o)
                0x08000ce8                __fixunsdfdi
                0x08000ce8                __aeabi_d2ulz
 .text          0x08000d24      0x2f8 C:/ST/STM32CubeIDE_1.19.0/STM32CubeIDE/plugins/com.st.stm32cube.ide.mcu.externaltools.gnu-tools-for-stm32.13.3.rel1.win32_1.0.0.202411081344/tools/bin/../lib/gcc/arm-none-eabi/13.3.1/thumb/v7e-m+fp/hard\libgcc.a(_udivmoddi4.o)
                0x08000d24                __udivmoddi4
 .text          0x0800101c        0x4 C:/ST/STM32CubeIDE_1.19.0/STM32CubeIDE/plugins/com.st.stm32cube.ide.mcu.externaltools.gnu-tools-for-stm32.13.3.rel1.win32_1.0.0.202411081344/tools/bin/../lib/gcc/arm-none-eabi/13.3.1/thumb/v7e-m+fp/hard\libgcc.a(_dvmd_tls.o)
                0x0800101c                __aeabi_idiv0
                0x0800101c                __aeabi_ldiv0
 *(.text*)
 .text.MX_ADC2_Init
                0x08001020       0xa4 ./Core/Src/adc.o
                0x08001020                MX_ADC2_Init
 .text.HAL_ADC_MspInit
                0x080010c4       0x88 ./Core/Src/adc.o
                0x080010c4                HAL_ADC_MspInit
 .text.MX_CAN1_Init
                0x0800114c       0x6c ./Core/Src/can.o
                0x0800114c                MX_CAN1_Init
 .text.MX_CAN2_Init
                0x080011b8       0x6c ./Core/Src/can.o
                0x080011b8                MX_CAN2_Init
 .text.HAL_CAN_MspInit
                0x08001224      0x160 ./Core/Src/can.o
                0x08001224                HAL_CAN_MspInit
 .text.MX_DMA_Init
                0x08001384       0x8c ./Core/Src/dma.o
                0x08001384                MX_DMA_Init
 .text.MX_GPIO_Init
                0x08001410      0x1c4 ./Core/Src/gpio.o
                0x08001410                MX_GPIO_Init
 .text.MX_I2C1_Init
                0x080015d4       0x5c ./Core/Src/i2c.o
                0x080015d4                MX_I2C1_Init
 .text.MX_I2C2_Init
                0x08001630       0x5c ./Core/Src/i2c.o
                0x08001630                MX_I2C2_Init
 .text.HAL_I2C_MspInit
                0x0800168c       0xfc ./Core/Src/i2c.o
                0x0800168c                HAL_I2C_MspInit
 .text.main     0x08001788       0x56 ./Core/Src/main.o
                0x08001788                main
 *fill*         0x080017de        0x2 
 .text.SystemClock_Config
                0x080017e0       0xd4 ./Core/Src/main.o
                0x080017e0                SystemClock_Config
 .text._write   0x080018b4       0x2c ./Core/Src/main.o
                0x080018b4                _write
 .text.Error_Handler
                0x080018e0        0xc ./Core/Src/main.o
                0x080018e0                Error_Handler
 .text.MX_SPI1_Init
                0x080018ec       0x6c ./Core/Src/spi.o
                0x080018ec                MX_SPI1_Init
 .text.MX_SPI2_Init
                0x08001958       0x6c ./Core/Src/spi.o
                0x08001958                MX_SPI2_Init
 .text.HAL_SPI_MspInit
                0x080019c4      0x12c ./Core/Src/spi.o
                0x080019c4                HAL_SPI_MspInit
 .text.HAL_MspInit
                0x08001af0       0x50 ./Core/Src/stm32f4xx_hal_msp.o
                0x08001af0                HAL_MspInit
 .text.NMI_Handler
                0x08001b40        0x8 ./Core/Src/stm32f4xx_it.o
                0x08001b40                NMI_Handler
 .text.HardFault_Handler
                0x08001b48        0x8 ./Core/Src/stm32f4xx_it.o
                0x08001b48                HardFault_Handler
 .text.MemManage_Handler
                0x08001b50        0x8 ./Core/Src/stm32f4xx_it.o
                0x08001b50                MemManage_Handler
 .text.BusFault_Handler
                0x08001b58        0x8 ./Core/Src/stm32f4xx_it.o
                0x08001b58                BusFault_Handler
 .text.UsageFault_Handler
                0x08001b60        0x8 ./Core/Src/stm32f4xx_it.o
                0x08001b60                UsageFault_Handler
 .text.SVC_Handler
                0x08001b68        0xe ./Core/Src/stm32f4xx_it.o
                0x08001b68                SVC_Handler
 .text.DebugMon_Handler
                0x08001b76        0xe ./Core/Src/stm32f4xx_it.o
                0x08001b76                DebugMon_Handler
 .text.PendSV_Handler
                0x08001b84        0xe ./Core/Src/stm32f4xx_it.o
                0x08001b84                PendSV_Handler
 .text.SysTick_Handler
                0x08001b92        0xc ./Core/Src/stm32f4xx_it.o
                0x08001b92                SysTick_Handler
 .text.EXTI3_IRQHandler
                0x08001b9e        0xe ./Core/Src/stm32f4xx_it.o
                0x08001b9e                EXTI3_IRQHandler
 .text.DMA1_Stream2_IRQHandler
                0x08001bac       0x14 ./Core/Src/stm32f4xx_it.o
                0x08001bac                DMA1_Stream2_IRQHandler
 .text.DMA1_Stream4_IRQHandler
                0x08001bc0       0x14 ./Core/Src/stm32f4xx_it.o
                0x08001bc0                DMA1_Stream4_IRQHandler
 .text.CAN1_RX0_IRQHandler
                0x08001bd4       0x14 ./Core/Src/stm32f4xx_it.o
                0x08001bd4                CAN1_RX0_IRQHandler
 .text.TIM3_IRQHandler
                0x08001be8       0x14 ./Core/Src/stm32f4xx_it.o
                0x08001be8                TIM3_IRQHandler
 .text.SPI1_IRQHandler
                0x08001bfc       0x14 ./Core/Src/stm32f4xx_it.o
                0x08001bfc                SPI1_IRQHandler
 .text.USART1_IRQHandler
                0x08001c10       0x44 ./Core/Src/stm32f4xx_it.o
                0x08001c10                USART1_IRQHandler
 .text.EXTI15_10_IRQHandler
                0x08001c54       0x10 ./Core/Src/stm32f4xx_it.o
                0x08001c54                EXTI15_10_IRQHandler
 .text.UART4_IRQHandler
                0x08001c64       0x44 ./Core/Src/stm32f4xx_it.o
                0x08001c64                UART4_IRQHandler
 .text.DMA2_Stream2_IRQHandler
                0x08001ca8       0x14 ./Core/Src/stm32f4xx_it.o
                0x08001ca8                DMA2_Stream2_IRQHandler
 .text.CAN2_RX0_IRQHandler
                0x08001cbc       0x14 ./Core/Src/stm32f4xx_it.o
                0x08001cbc                CAN2_RX0_IRQHandler
 .text.DMA2_Stream7_IRQHandler
                0x08001cd0       0x14 ./Core/Src/stm32f4xx_it.o
                0x08001cd0                DMA2_Stream7_IRQHandler
 .text._getpid  0x08001ce4       0x10 ./Core/Src/syscalls.o
                0x08001ce4                _getpid
 .text._kill    0x08001cf4       0x20 ./Core/Src/syscalls.o
                0x08001cf4                _kill
 .text._exit    0x08001d14       0x16 ./Core/Src/syscalls.o
                0x08001d14                _exit
 .text._read    0x08001d2a       0x3a ./Core/Src/syscalls.o
                0x08001d2a                _read
 .text._close   0x08001d64       0x18 ./Core/Src/syscalls.o
                0x08001d64                _close
 .text._fstat   0x08001d7c       0x20 ./Core/Src/syscalls.o
                0x08001d7c                _fstat
 .text._isatty  0x08001d9c       0x16 ./Core/Src/syscalls.o
                0x08001d9c                _isatty
 .text._lseek   0x08001db2       0x1a ./Core/Src/syscalls.o
                0x08001db2                _lseek
 .text._sbrk    0x08001dcc       0x6c ./Core/Src/sysmem.o
                0x08001dcc                _sbrk
 .text.SystemInit
                0x08001e38       0x24 ./Core/Src/system_stm32f4xx.o
                0x08001e38                SystemInit
 .text.MX_TIM3_Init
                0x08001e5c       0x9c ./Core/Src/tim.o
                0x08001e5c                MX_TIM3_Init
 .text.HAL_TIM_Base_MspInit
                0x08001ef8       0x50 ./Core/Src/tim.o
                0x08001ef8                HAL_TIM_Base_MspInit
 .text.MX_UART4_Init
                0x08001f48       0x54 ./Core/Src/usart.o
                0x08001f48                MX_UART4_Init
 .text.MX_UART5_Init
                0x08001f9c       0x54 ./Core/Src/usart.o
                0x08001f9c                MX_UART5_Init
 .text.MX_USART1_UART_Init
                0x08001ff0       0x54 ./Core/Src/usart.o
                0x08001ff0                MX_USART1_UART_Init
 .text.MX_USART2_UART_Init
                0x08002044       0x54 ./Core/Src/usart.o
                0x08002044                MX_USART2_UART_Init
 .text.MX_USART3_UART_Init
                0x08002098       0x54 ./Core/Src/usart.o
                0x08002098                MX_USART3_UART_Init
 .text.MX_USART6_UART_Init
                0x080020ec       0x54 ./Core/Src/usart.o
                0x080020ec                MX_USART6_UART_Init
 .text.HAL_UART_MspInit
                0x08002140      0x4ac ./Core/Src/usart.o
                0x08002140                HAL_UART_MspInit
 .text.Reset_Handler
                0x080025ec       0x50 ./Core/Startup/startup_stm32f407zgtx.o
                0x080025ec                Reset_Handler
 .text.Default_Handler
                0x0800263c        0x2 ./Core/Startup/startup_stm32f407zgtx.o
                0x0800263c                RTC_Alarm_IRQHandler
                0x0800263c                HASH_RNG_IRQHandler
                0x0800263c                EXTI2_IRQHandler
                0x0800263c                TIM8_CC_IRQHandler
                0x0800263c                TIM1_CC_IRQHandler
                0x0800263c                DMA2_Stream5_IRQHandler
                0x0800263c                DMA1_Stream5_IRQHandler
                0x0800263c                PVD_IRQHandler
                0x0800263c                SDIO_IRQHandler
                0x0800263c                TAMP_STAMP_IRQHandler
                0x0800263c                CAN2_RX1_IRQHandler
                0x0800263c                TIM8_TRG_COM_TIM14_IRQHandler
                0x0800263c                TIM1_UP_TIM10_IRQHandler
                0x0800263c                TIM8_UP_TIM13_IRQHandler
                0x0800263c                I2C3_ER_IRQHandler
                0x0800263c                EXTI0_IRQHandler
                0x0800263c                I2C2_EV_IRQHandler
                0x0800263c                FPU_IRQHandler
                0x0800263c                OTG_HS_WKUP_IRQHandler
                0x0800263c                CAN2_SCE_IRQHandler
                0x0800263c                TIM6_DAC_IRQHandler
                0x0800263c                TIM1_BRK_TIM9_IRQHandler
                0x0800263c                DCMI_IRQHandler
                0x0800263c                DMA2_Stream3_IRQHandler
                0x0800263c                USART6_IRQHandler
                0x0800263c                USART3_IRQHandler
                0x0800263c                CAN1_RX1_IRQHandler
                0x0800263c                UART5_IRQHandler
                0x0800263c                DMA2_Stream0_IRQHandler
                0x0800263c                TIM4_IRQHandler
                0x0800263c                I2C1_EV_IRQHandler
                0x0800263c                DMA1_Stream6_IRQHandler
                0x0800263c                DMA1_Stream1_IRQHandler
                0x0800263c                RCC_IRQHandler
                0x0800263c                TIM8_BRK_TIM12_IRQHandler
                0x0800263c                Default_Handler
                0x0800263c                ADC_IRQHandler
                0x0800263c                DMA1_Stream7_IRQHandler
                0x0800263c                TIM7_IRQHandler
                0x0800263c                CAN2_TX_IRQHandler
                0x0800263c                TIM5_IRQHandler
                0x0800263c                I2C3_EV_IRQHandler
                0x0800263c                EXTI9_5_IRQHandler
                0x0800263c                RTC_WKUP_IRQHandler
                0x0800263c                ETH_WKUP_IRQHandler
                0x0800263c                SPI2_IRQHandler
                0x0800263c                OTG_HS_EP1_IN_IRQHandler
                0x0800263c                DMA1_Stream0_IRQHandler
                0x0800263c                CAN1_TX_IRQHandler
                0x0800263c                EXTI4_IRQHandler
                0x0800263c                FSMC_IRQHandler
                0x0800263c                ETH_IRQHandler
                0x0800263c                OTG_HS_EP1_OUT_IRQHandler
                0x0800263c                WWDG_IRQHandler
                0x0800263c                TIM2_IRQHandler
                0x0800263c                OTG_FS_WKUP_IRQHandler
                0x0800263c                TIM1_TRG_COM_TIM11_IRQHandler
                0x0800263c                OTG_HS_IRQHandler
                0x0800263c                EXTI1_IRQHandler
                0x0800263c                USART2_IRQHandler
                0x0800263c                I2C2_ER_IRQHandler
                0x0800263c                DMA2_Stream1_IRQHandler
                0x0800263c                CAN1_SCE_IRQHandler
                0x0800263c                FLASH_IRQHandler
                0x0800263c                DMA2_Stream4_IRQHandler
                0x0800263c                OTG_FS_IRQHandler
                0x0800263c                SPI3_IRQHandler
                0x0800263c                I2C1_ER_IRQHandler
                0x0800263c                DMA2_Stream6_IRQHandler
                0x0800263c                DMA1_Stream3_IRQHandler
 *fill*         0x0800263e        0x2 
 .text.CommCan_Init
                0x08002640       0x90 ./Core/user/joint_motor/comm_can.o
                0x08002640                CommCan_Init
 .text._Transmit
                0x080026d0       0x98 ./Core/user/joint_motor/comm_can.o
 .text.CommCan_SysMotorRestart
                0x08002768       0x44 ./Core/user/joint_motor/comm_can.o
                0x08002768                CommCan_SysMotorRestart
 .text.CommCan_GetVerInfo
                0x080027ac       0x26 ./Core/user/joint_motor/comm_can.o
                0x080027ac                CommCan_GetVerInfo
 .text.CommCan_GetStatusInfo
                0x080027d2       0x26 ./Core/user/joint_motor/comm_can.o
                0x080027d2                CommCan_GetStatusInfo
 .text.CommCan_GetMotorPara
                0x080027f8       0x26 ./Core/user/joint_motor/comm_can.o
                0x080027f8                CommCan_GetMotorPara
 *fill*         0x0800281e        0x2 
 .text.CommCan_SetPosVelCtrlMaxIq
                0x08002820       0x48 ./Core/user/joint_motor/comm_can.o
                0x08002820                CommCan_SetPosVelCtrlMaxIq
 .text.CommCan_SetVelocity
                0x08002868       0x48 ./Core/user/joint_motor/comm_can.o
                0x08002868                CommCan_SetVelocity
 .text.CommCan_SetAbsPosition_Count
                0x080028b0       0x28 ./Core/user/joint_motor/comm_can.o
                0x080028b0                CommCan_SetAbsPosition_Count
 .text.CommCan_SetRelateive_Count
                0x080028d8       0x28 ./Core/user/joint_motor/comm_can.o
                0x080028d8                CommCan_SetRelateive_Count
 .text.CommCan_ShortestHomePosition
                0x08002900       0x26 ./Core/user/joint_motor/comm_can.o
                0x08002900                CommCan_ShortestHomePosition
 *fill*         0x08002926        0x2 
 .text.degToRad
                0x08002928       0x54 ./Core/user/joint_motor/joint_motor.o
 *fill*         0x0800297c        0x4 
 .text.rpmToRadps
                0x08002980       0x54 ./Core/user/joint_motor/joint_motor.o
 *fill*         0x080029d4        0x4 
 .text.radpsToRpm
                0x080029d8       0x54 ./Core/user/joint_motor/joint_motor.o
 .text.idToHandle
                0x08002a2c       0x44 ./Core/user/joint_motor/joint_motor.o
 .text.idToIndex
                0x08002a70       0x54 ./Core/user/joint_motor/joint_motor.o
 .text.JM_CommInit
                0x08002ac4       0x1c ./Core/user/joint_motor/joint_motor.o
                0x08002ac4                JM_CommInit
 .text.JM_SetPosVelModeMaxTorque
                0x08002ae0       0x88 ./Core/user/joint_motor/joint_motor.o
                0x08002ae0                JM_SetPosVelModeMaxTorque
 .text.JM_GetSoftwareInfo
                0x08002b68       0x26 ./Core/user/joint_motor/joint_motor.o
                0x08002b68                JM_GetSoftwareInfo
 .text.JM_GetRealTimeStatusInfo
                0x08002b8e       0x26 ./Core/user/joint_motor/joint_motor.o
                0x08002b8e                JM_GetRealTimeStatusInfo
 .text.JM_GetMotorInfo
                0x08002bb4       0xac ./Core/user/joint_motor/joint_motor.o
                0x08002bb4                JM_GetMotorInfo
 .text.JM_VelMode
                0x08002c60       0x3a ./Core/user/joint_motor/joint_motor.o
                0x08002c60                JM_VelMode
 *fill*         0x08002c9a        0x6 
 .text.JM_PosRelaMode
                0x08002ca0       0x64 ./Core/user/joint_motor/joint_motor.o
                0x08002ca0                JM_PosRelaMode
 *fill*         0x08002d04        0x4 
 .text.JM_PosAbsMode
                0x08002d08       0x64 ./Core/user/joint_motor/joint_motor.o
                0x08002d08                JM_PosAbsMode
 .text.JM_Restart
                0x08002d6c       0x26 ./Core/user/joint_motor/joint_motor.o
                0x08002d6c                JM_Restart
 .text.JM_ReturnToOrigin
                0x08002d92       0x26 ./Core/user/joint_motor/joint_motor.o
                0x08002d92                JM_ReturnToOrigin
 .text.HAL_CAN_RxFifo0MsgPendingCallback
                0x08002db8       0x78 ./Core/user/joint_motor/joint_motor.o
                0x08002db8                HAL_CAN_RxFifo0MsgPendingCallback
 .text.solveMotorCanRx
                0x08002e30      0x438 ./Core/user/joint_motor/joint_motor.o
                0x08002e30                solveMotorCanRx
 .text.JM_RefreshAll
                0x08003268       0x3e ./Core/user/joint_motor/joint_motor.o
                0x08003268                JM_RefreshAll
 *fill*         0x080032a6        0x2 
 .text.JM_FindOrigin
                0x080032a8       0xf4 ./Core/user/joint_motor/joint_motor.o
                0x080032a8                JM_FindOrigin
 .text.i2c_write
                0x0800339c       0x6c ./Core/user/mpu6500/inv_mpu.o
                0x0800339c                i2c_write
 .text.i2c_read
                0x08003408       0x88 ./Core/user/mpu6500/inv_mpu.o
                0x08003408                i2c_read
 .text.delay_ms
                0x08003490       0x16 ./Core/user/mpu6500/inv_mpu.o
                0x08003490                delay_ms
 .text.get_ms   0x080034a6       0x1a ./Core/user/mpu6500/inv_mpu.o
                0x080034a6                get_ms
 .text.reg_int_cb
                0x080034c0       0x30 ./Core/user/mpu6500/inv_mpu.o
                0x080034c0                reg_int_cb
 .text.set_int_enable
                0x080034f0       0xb4 ./Core/user/mpu6500/inv_mpu.o
 .text.mpu_init
                0x080035a4      0x188 ./Core/user/mpu6500/inv_mpu.o
                0x080035a4                mpu_init
 .text.mpu_lp_accel_mode
                0x0800372c      0x18c ./Core/user/mpu6500/inv_mpu.o
                0x0800372c                mpu_lp_accel_mode
 .text.mpu_reset_fifo
                0x080038b8      0x208 ./Core/user/mpu6500/inv_mpu.o
                0x080038b8                mpu_reset_fifo
 .text.mpu_set_gyro_fsr
                0x08003ac0       0xa8 ./Core/user/mpu6500/inv_mpu.o
                0x08003ac0                mpu_set_gyro_fsr
 .text.mpu_get_accel_fsr
                0x08003b68       0x74 ./Core/user/mpu6500/inv_mpu.o
                0x08003b68                mpu_get_accel_fsr
 .text.mpu_set_accel_fsr
                0x08003bdc       0xd0 ./Core/user/mpu6500/inv_mpu.o
                0x08003bdc                mpu_set_accel_fsr
 .text.mpu_set_lpf
                0x08003cac       0xc8 ./Core/user/mpu6500/inv_mpu.o
                0x08003cac                mpu_set_lpf
 .text.mpu_set_sample_rate
                0x08003d74       0xcc ./Core/user/mpu6500/inv_mpu.o
                0x08003d74                mpu_set_sample_rate
 .text.mpu_configure_fifo
                0x08003e40       0xa4 ./Core/user/mpu6500/inv_mpu.o
                0x08003e40                mpu_configure_fifo
 .text.mpu_set_sensors
                0x08003ee4      0x10c ./Core/user/mpu6500/inv_mpu.o
                0x08003ee4                mpu_set_sensors
 .text.mpu_read_fifo_stream
                0x08003ff0      0x12c ./Core/user/mpu6500/inv_mpu.o
                0x08003ff0                mpu_read_fifo_stream
 .text.mpu_set_bypass
                0x0800411c      0x18c ./Core/user/mpu6500/inv_mpu.o
                0x0800411c                mpu_set_bypass
 .text.mpu_set_int_latched
                0x080042a8       0x88 ./Core/user/mpu6500/inv_mpu.o
                0x080042a8                mpu_set_int_latched
 .text.mpu_write_mem
                0x08004330       0xc8 ./Core/user/mpu6500/inv_mpu.o
                0x08004330                mpu_write_mem
 .text.mpu_read_mem
                0x080043f8       0xa4 ./Core/user/mpu6500/inv_mpu.o
                0x080043f8                mpu_read_mem
 .text.mpu_load_firmware
                0x0800449c      0x138 ./Core/user/mpu6500/inv_mpu.o
                0x0800449c                mpu_load_firmware
 .text.mpu_set_dmp_state
                0x080045d4       0xa8 ./Core/user/mpu6500/inv_mpu.o
                0x080045d4                mpu_set_dmp_state
 .text.dmp_load_motion_driver_firmware
                0x0800467c       0x20 ./Core/user/mpu6500/inv_mpu_dmp_motion_driver.o
                0x0800467c                dmp_load_motion_driver_firmware
 .text.dmp_set_fifo_rate
                0x0800469c       0x90 ./Core/user/mpu6500/inv_mpu_dmp_motion_driver.o
                0x0800469c                dmp_set_fifo_rate
 .text.dmp_set_tap_thresh
                0x0800472c      0x26c ./Core/user/mpu6500/inv_mpu_dmp_motion_driver.o
                0x0800472c                dmp_set_tap_thresh
 .text.dmp_set_tap_axes
                0x08004998       0x64 ./Core/user/mpu6500/inv_mpu_dmp_motion_driver.o
                0x08004998                dmp_set_tap_axes
 .text.dmp_set_tap_count
                0x080049fc       0x42 ./Core/user/mpu6500/inv_mpu_dmp_motion_driver.o
                0x080049fc                dmp_set_tap_count
 *fill*         0x08004a3e        0x2 
 .text.dmp_set_tap_time
                0x08004a40       0x44 ./Core/user/mpu6500/inv_mpu_dmp_motion_driver.o
                0x08004a40                dmp_set_tap_time
 .text.dmp_set_tap_time_multi
                0x08004a84       0x44 ./Core/user/mpu6500/inv_mpu_dmp_motion_driver.o
                0x08004a84                dmp_set_tap_time_multi
 .text.dmp_set_shake_reject_thresh
                0x08004ac8       0x60 ./Core/user/mpu6500/inv_mpu_dmp_motion_driver.o
                0x08004ac8                dmp_set_shake_reject_thresh
 .text.dmp_set_shake_reject_time
                0x08004b28       0x44 ./Core/user/mpu6500/inv_mpu_dmp_motion_driver.o
                0x08004b28                dmp_set_shake_reject_time
 .text.dmp_set_shake_reject_timeout
                0x08004b6c       0x44 ./Core/user/mpu6500/inv_mpu_dmp_motion_driver.o
                0x08004b6c                dmp_set_shake_reject_timeout
 .text.dmp_enable_feature
                0x08004bb0      0x250 ./Core/user/mpu6500/inv_mpu_dmp_motion_driver.o
                0x08004bb0                dmp_enable_feature
 .text.dmp_enable_gyro_cal
                0x08004e00       0x60 ./Core/user/mpu6500/inv_mpu_dmp_motion_driver.o
                0x08004e00                dmp_enable_gyro_cal
 .text.dmp_enable_lp_quat
                0x08004e60       0x4e ./Core/user/mpu6500/inv_mpu_dmp_motion_driver.o
                0x08004e60                dmp_enable_lp_quat
 .text.dmp_enable_6x_lp_quat
                0x08004eae       0x4e ./Core/user/mpu6500/inv_mpu_dmp_motion_driver.o
                0x08004eae                dmp_enable_6x_lp_quat
 .text.decode_gesture
                0x08004efc       0x88 ./Core/user/mpu6500/inv_mpu_dmp_motion_driver.o
 .text.dmp_read_fifo
                0x08004f84      0x2e4 ./Core/user/mpu6500/inv_mpu_dmp_motion_driver.o
                0x08004f84                dmp_read_fifo
 .text.mpu6500_SPIInit
                0x08005268       0xb4 ./Core/user/mpu6500/mpu6500.o
                0x08005268                mpu6500_SPIInit
 .text.HAL_GPIO_EXTI_Callback
                0x0800531c       0x48 ./Core/user/mpu6500/mpu6500.o
                0x0800531c                HAL_GPIO_EXTI_Callback
 .text.mpu_data_ready
                0x08005364       0x18 ./Core/user/mpu6500/mpu6500.o
                0x08005364                mpu_data_ready
 .text.mpu6500_DMPGet
                0x0800537c      0x1a0 ./Core/user/mpu6500/mpu6500.o
                0x0800537c                mpu6500_DMPGet
 .text.mpu6500_isReady
                0x0800551c       0x28 ./Core/user/mpu6500/mpu6500.o
                0x0800551c                mpu6500_isReady
 .text.HVHP     0x08005544       0x24 ./Core/user/sys/app.o
                0x08005544                HVHP
 .text.appSetup
                0x08005568       0x94 ./Core/user/sys/app.o
                0x08005568                appSetup
 .text.appLoop  0x080055fc      0x164 ./Core/user/sys/app.o
                0x080055fc                appLoop
 .text.motionCtrlCycle
                0x08005760        0xe ./Core/user/sys/app.o
                0x08005760                motionCtrlCycle
 *fill*         0x0800576e        0x2 
 .text.apply_remote_command
                0x08005770      0x114 ./Core/user/sys/app.o
                0x08005770                apply_remote_command
 .text.HAL_TIM_PeriodElapsedCallback
                0x08005884       0x2c ./Core/user/sys/app.o
                0x08005884                HAL_TIM_PeriodElapsedCallback
 .text.cli_init
                0x080058b0       0x30 ./Core/user/sys/cli.o
                0x080058b0                cli_init
 .text.cli_uart_rx_char
                0x080058e0       0x78 ./Core/user/sys/cli.o
                0x080058e0                cli_uart_rx_char
 .text.HAL_UART_RxCpltCallback
                0x08005958       0x34 ./Core/user/sys/cli.o
                0x08005958                HAL_UART_RxCpltCallback
 .text.clampf   0x0800598c       0x52 ./Core/user/sys/compute.o
                0x0800598c                clampf
 *fill*         0x080059de        0x2 
 .text.fivebar_inverse_kinematics
                0x080059e0      0x340 ./Core/user/sys/compute.o
                0x080059e0                fivebar_inverse_kinematics
 .text.quat2euler
                0x08005d20      0x194 ./Core/user/sys/compute.o
                0x08005d20                quat2euler
 .text.control_init
                0x08005eb4       0x54 ./Core/user/sys/compute.o
                0x08005eb4                control_init
 .text.control_loop
                0x08005f08       0xd8 ./Core/user/sys/compute.o
                0x08005f08                control_loop
 .text.uart1DMA
                0x08005fe0       0x90 ./Core/user/sys/compute.o
                0x08005fe0                uart1DMA
 .text.WM_CommInit
                0x08006070       0x2c ./Core/user/wheel_motor/wheel_motor.o
                0x08006070                WM_CommInit
 .text.WM_Send  0x0800609c       0x48 ./Core/user/wheel_motor/wheel_motor.o
                0x0800609c                WM_Send
 .text.WM_SendRestart
                0x080060e4       0x26 ./Core/user/wheel_motor/wheel_motor.o
                0x080060e4                WM_SendRestart
 *fill*         0x0800610a        0x2 
 .text.WM_Receive
                0x0800610c       0xd0 ./Core/user/wheel_motor/wheel_motor.o
                0x0800610c                WM_Receive
 .text.uart4DMA
                0x080061dc       0x80 ./Core/user/wheel_motor/wheel_motor.o
                0x080061dc                uart4DMA
 .text.HAL_Init
                0x0800625c       0x44 ./Drivers/STM32F4xx_HAL_Driver/Src/stm32f4xx_hal.o
                0x0800625c                HAL_Init
 .text.HAL_InitTick
                0x080062a0       0x60 ./Drivers/STM32F4xx_HAL_Driver/Src/stm32f4xx_hal.o
                0x080062a0                HAL_InitTick
 .text.HAL_IncTick
                0x08006300       0x28 ./Drivers/STM32F4xx_HAL_Driver/Src/stm32f4xx_hal.o
                0x08006300                HAL_IncTick
 .text.HAL_GetTick
                0x08006328       0x18 ./Drivers/STM32F4xx_HAL_Driver/Src/stm32f4xx_hal.o
                0x08006328                HAL_GetTick
 .text.HAL_Delay
                0x08006340       0x48 ./Drivers/STM32F4xx_HAL_Driver/Src/stm32f4xx_hal.o
                0x08006340                HAL_Delay
 .text.HAL_ADC_Init
                0x08006388       0x86 ./Drivers/STM32F4xx_HAL_Driver/Src/stm32f4xx_hal_adc.o
                0x08006388                HAL_ADC_Init
 *fill*         0x0800640e        0x2 
 .text.HAL_ADC_ConfigChannel
                0x08006410      0x244 ./Drivers/STM32F4xx_HAL_Driver/Src/stm32f4xx_hal_adc.o
                0x08006410                HAL_ADC_ConfigChannel
 .text.ADC_Init
                0x08006654      0x1f8 ./Drivers/STM32F4xx_HAL_Driver/Src/stm32f4xx_hal_adc.o
 .text.HAL_CAN_Init
                0x0800684c      0x1f6 ./Drivers/STM32F4xx_HAL_Driver/Src/stm32f4xx_hal_can.o
                0x0800684c                HAL_CAN_Init
 *fill*         0x08006a42        0x2 
 .text.HAL_CAN_ConfigFilter
                0x08006a44      0x1bc ./Drivers/STM32F4xx_HAL_Driver/Src/stm32f4xx_hal_can.o
                0x08006a44                HAL_CAN_ConfigFilter
 .text.HAL_CAN_Start
                0x08006c00       0x88 ./Drivers/STM32F4xx_HAL_Driver/Src/stm32f4xx_hal_can.o
                0x08006c00                HAL_CAN_Start
 .text.HAL_CAN_AddTxMessage
                0x08006c88      0x1a0 ./Drivers/STM32F4xx_HAL_Driver/Src/stm32f4xx_hal_can.o
                0x08006c88                HAL_CAN_AddTxMessage
 .text.HAL_CAN_GetRxMessage
                0x08006e28      0x244 ./Drivers/STM32F4xx_HAL_Driver/Src/stm32f4xx_hal_can.o
                0x08006e28                HAL_CAN_GetRxMessage
 .text.HAL_CAN_ActivateNotification
                0x0800706c       0x4c ./Drivers/STM32F4xx_HAL_Driver/Src/stm32f4xx_hal_can.o
                0x0800706c                HAL_CAN_ActivateNotification
 .text.HAL_CAN_IRQHandler
                0x080070b8      0x36e ./Drivers/STM32F4xx_HAL_Driver/Src/stm32f4xx_hal_can.o
                0x080070b8                HAL_CAN_IRQHandler
 .text.HAL_CAN_TxMailbox0CompleteCallback
                0x08007426       0x14 ./Drivers/STM32F4xx_HAL_Driver/Src/stm32f4xx_hal_can.o
                0x08007426                HAL_CAN_TxMailbox0CompleteCallback
 .text.HAL_CAN_TxMailbox1CompleteCallback
                0x0800743a       0x14 ./Drivers/STM32F4xx_HAL_Driver/Src/stm32f4xx_hal_can.o
                0x0800743a                HAL_CAN_TxMailbox1CompleteCallback
 .text.HAL_CAN_TxMailbox2CompleteCallback
                0x0800744e       0x14 ./Drivers/STM32F4xx_HAL_Driver/Src/stm32f4xx_hal_can.o
                0x0800744e                HAL_CAN_TxMailbox2CompleteCallback
 .text.HAL_CAN_TxMailbox0AbortCallback
                0x08007462       0x14 ./Drivers/STM32F4xx_HAL_Driver/Src/stm32f4xx_hal_can.o
                0x08007462                HAL_CAN_TxMailbox0AbortCallback
 .text.HAL_CAN_TxMailbox1AbortCallback
                0x08007476       0x14 ./Drivers/STM32F4xx_HAL_Driver/Src/stm32f4xx_hal_can.o
                0x08007476                HAL_CAN_TxMailbox1AbortCallback
 .text.HAL_CAN_TxMailbox2AbortCallback
                0x0800748a       0x14 ./Drivers/STM32F4xx_HAL_Driver/Src/stm32f4xx_hal_can.o
                0x0800748a                HAL_CAN_TxMailbox2AbortCallback
 .text.HAL_CAN_RxFifo0FullCallback
                0x0800749e       0x14 ./Drivers/STM32F4xx_HAL_Driver/Src/stm32f4xx_hal_can.o
                0x0800749e                HAL_CAN_RxFifo0FullCallback
 .text.HAL_CAN_RxFifo1MsgPendingCallback
                0x080074b2       0x14 ./Drivers/STM32F4xx_HAL_Driver/Src/stm32f4xx_hal_can.o
                0x080074b2                HAL_CAN_RxFifo1MsgPendingCallback
 .text.HAL_CAN_RxFifo1FullCallback
                0x080074c6       0x14 ./Drivers/STM32F4xx_HAL_Driver/Src/stm32f4xx_hal_can.o
                0x080074c6                HAL_CAN_RxFifo1FullCallback
 .text.HAL_CAN_SleepCallback
                0x080074da       0x14 ./Drivers/STM32F4xx_HAL_Driver/Src/stm32f4xx_hal_can.o
                0x080074da                HAL_CAN_SleepCallback
 .text.HAL_CAN_WakeUpFromRxMsgCallback
                0x080074ee       0x14 ./Drivers/STM32F4xx_HAL_Driver/Src/stm32f4xx_hal_can.o
                0x080074ee                HAL_CAN_WakeUpFromRxMsgCallback
 .text.HAL_CAN_ErrorCallback
                0x08007502       0x14 ./Drivers/STM32F4xx_HAL_Driver/Src/stm32f4xx_hal_can.o
                0x08007502                HAL_CAN_ErrorCallback
 *fill*         0x08007516        0x2 
 .text.__NVIC_SetPriorityGrouping
                0x08007518       0x48 ./Drivers/STM32F4xx_HAL_Driver/Src/stm32f4xx_hal_cortex.o
 .text.__NVIC_GetPriorityGrouping
                0x08007560       0x1c ./Drivers/STM32F4xx_HAL_Driver/Src/stm32f4xx_hal_cortex.o
 .text.__NVIC_EnableIRQ
                0x0800757c       0x3c ./Drivers/STM32F4xx_HAL_Driver/Src/stm32f4xx_hal_cortex.o
 .text.__NVIC_DisableIRQ
                0x080075b8       0x48 ./Drivers/STM32F4xx_HAL_Driver/Src/stm32f4xx_hal_cortex.o
 .text.__NVIC_ClearPendingIRQ
                0x08007600       0x3c ./Drivers/STM32F4xx_HAL_Driver/Src/stm32f4xx_hal_cortex.o
 .text.__NVIC_SetPriority
                0x0800763c       0x54 ./Drivers/STM32F4xx_HAL_Driver/Src/stm32f4xx_hal_cortex.o
 .text.NVIC_EncodePriority
                0x08007690       0x66 ./Drivers/STM32F4xx_HAL_Driver/Src/stm32f4xx_hal_cortex.o
 *fill*         0x080076f6        0x2 
 .text.SysTick_Config
                0x080076f8       0x44 ./Drivers/STM32F4xx_HAL_Driver/Src/stm32f4xx_hal_cortex.o
 .text.HAL_NVIC_SetPriorityGrouping
                0x0800773c       0x16 ./Drivers/STM32F4xx_HAL_Driver/Src/stm32f4xx_hal_cortex.o
                0x0800773c                HAL_NVIC_SetPriorityGrouping
 .text.HAL_NVIC_SetPriority
                0x08007752       0x38 ./Drivers/STM32F4xx_HAL_Driver/Src/stm32f4xx_hal_cortex.o
                0x08007752                HAL_NVIC_SetPriority
 .text.HAL_NVIC_EnableIRQ
                0x0800778a       0x1c ./Drivers/STM32F4xx_HAL_Driver/Src/stm32f4xx_hal_cortex.o
                0x0800778a                HAL_NVIC_EnableIRQ
 .text.HAL_NVIC_DisableIRQ
                0x080077a6       0x1c ./Drivers/STM32F4xx_HAL_Driver/Src/stm32f4xx_hal_cortex.o
                0x080077a6                HAL_NVIC_DisableIRQ
 .text.HAL_SYSTICK_Config
                0x080077c2       0x18 ./Drivers/STM32F4xx_HAL_Driver/Src/stm32f4xx_hal_cortex.o
                0x080077c2                HAL_SYSTICK_Config
 .text.HAL_NVIC_ClearPendingIRQ
                0x080077da       0x1c ./Drivers/STM32F4xx_HAL_Driver/Src/stm32f4xx_hal_cortex.o
                0x080077da                HAL_NVIC_ClearPendingIRQ
 *fill*         0x080077f6        0x2 
 .text.HAL_DMA_Init
                0x080077f8      0x15c ./Drivers/STM32F4xx_HAL_Driver/Src/stm32f4xx_hal_dma.o
                0x080077f8                HAL_DMA_Init
 .text.HAL_DMA_Start_IT
                0x08007954       0xb0 ./Drivers/STM32F4xx_HAL_Driver/Src/stm32f4xx_hal_dma.o
                0x08007954                HAL_DMA_Start_IT
 .text.HAL_DMA_Abort
                0x08007a04       0xe0 ./Drivers/STM32F4xx_HAL_Driver/Src/stm32f4xx_hal_dma.o
                0x08007a04                HAL_DMA_Abort
 .text.HAL_DMA_Abort_IT
                0x08007ae4       0x44 ./Drivers/STM32F4xx_HAL_Driver/Src/stm32f4xx_hal_dma.o
                0x08007ae4                HAL_DMA_Abort_IT
 .text.HAL_DMA_IRQHandler
                0x08007b28      0x314 ./Drivers/STM32F4xx_HAL_Driver/Src/stm32f4xx_hal_dma.o
                0x08007b28                HAL_DMA_IRQHandler
 .text.DMA_SetConfig
                0x08007e3c       0x5c ./Drivers/STM32F4xx_HAL_Driver/Src/stm32f4xx_hal_dma.o
 .text.DMA_CalcBaseAndBitshift
                0x08007e98       0x6c ./Drivers/STM32F4xx_HAL_Driver/Src/stm32f4xx_hal_dma.o
 .text.DMA_CheckFifoParam
                0x08007f04       0xf8 ./Drivers/STM32F4xx_HAL_Driver/Src/stm32f4xx_hal_dma.o
 .text.HAL_GPIO_Init
                0x08007ffc      0x338 ./Drivers/STM32F4xx_HAL_Driver/Src/stm32f4xx_hal_gpio.o
                0x08007ffc                HAL_GPIO_Init
 .text.HAL_GPIO_WritePin
                0x08008334       0x32 ./Drivers/STM32F4xx_HAL_Driver/Src/stm32f4xx_hal_gpio.o
                0x08008334                HAL_GPIO_WritePin
 *fill*         0x08008366        0x2 
 .text.HAL_GPIO_EXTI_IRQHandler
                0x08008368       0x30 ./Drivers/STM32F4xx_HAL_Driver/Src/stm32f4xx_hal_gpio.o
                0x08008368                HAL_GPIO_EXTI_IRQHandler
 .text.HAL_I2C_Init
                0x08008398      0x288 ./Drivers/STM32F4xx_HAL_Driver/Src/stm32f4xx_hal_i2c.o
                0x08008398                HAL_I2C_Init
 .text.HAL_RCC_OscConfig
                0x08008620      0x4f0 ./Drivers/STM32F4xx_HAL_Driver/Src/stm32f4xx_hal_rcc.o
                0x08008620                HAL_RCC_OscConfig
 .text.HAL_RCC_ClockConfig
                0x08008b10      0x1cc ./Drivers/STM32F4xx_HAL_Driver/Src/stm32f4xx_hal_rcc.o
                0x08008b10                HAL_RCC_ClockConfig
 .text.HAL_RCC_GetSysClockFreq
                0x08008cdc      0x20c ./Drivers/STM32F4xx_HAL_Driver/Src/stm32f4xx_hal_rcc.o
                0x08008cdc                HAL_RCC_GetSysClockFreq
 .text.HAL_RCC_GetHCLKFreq
                0x08008ee8       0x18 ./Drivers/STM32F4xx_HAL_Driver/Src/stm32f4xx_hal_rcc.o
                0x08008ee8                HAL_RCC_GetHCLKFreq
 .text.HAL_RCC_GetPCLK1Freq
                0x08008f00       0x28 ./Drivers/STM32F4xx_HAL_Driver/Src/stm32f4xx_hal_rcc.o
                0x08008f00                HAL_RCC_GetPCLK1Freq
 .text.HAL_RCC_GetPCLK2Freq
                0x08008f28       0x28 ./Drivers/STM32F4xx_HAL_Driver/Src/stm32f4xx_hal_rcc.o
                0x08008f28                HAL_RCC_GetPCLK2Freq
 .text.HAL_SPI_Init
                0x08008f50      0x112 ./Drivers/STM32F4xx_HAL_Driver/Src/stm32f4xx_hal_spi.o
                0x08008f50                HAL_SPI_Init
 .text.HAL_SPI_Transmit
                0x08009062      0x288 ./Drivers/STM32F4xx_HAL_Driver/Src/stm32f4xx_hal_spi.o
                0x08009062                HAL_SPI_Transmit
 .text.HAL_SPI_TransmitReceive
                0x080092ea      0x352 ./Drivers/STM32F4xx_HAL_Driver/Src/stm32f4xx_hal_spi.o
                0x080092ea                HAL_SPI_TransmitReceive
 .text.HAL_SPI_IRQHandler
                0x0800963c      0x200 ./Drivers/STM32F4xx_HAL_Driver/Src/stm32f4xx_hal_spi.o
                0x0800963c                HAL_SPI_IRQHandler
 .text.HAL_SPI_ErrorCallback
                0x0800983c       0x14 ./Drivers/STM32F4xx_HAL_Driver/Src/stm32f4xx_hal_spi.o
                0x0800983c                HAL_SPI_ErrorCallback
 .text.SPI_DMAAbortOnError
                0x08009850       0x28 ./Drivers/STM32F4xx_HAL_Driver/Src/stm32f4xx_hal_spi.o
 .text.SPI_WaitFlagStateUntilTimeout
                0x08009878      0x110 ./Drivers/STM32F4xx_HAL_Driver/Src/stm32f4xx_hal_spi.o
 .text.SPI_EndRxTxTransaction
                0x08009988       0xa8 ./Drivers/STM32F4xx_HAL_Driver/Src/stm32f4xx_hal_spi.o
 .text.HAL_TIM_Base_Init
                0x08009a30       0x9e ./Drivers/STM32F4xx_HAL_Driver/Src/stm32f4xx_hal_tim.o
                0x08009a30                HAL_TIM_Base_Init
 *fill*         0x08009ace        0x2 
 .text.HAL_TIM_Base_Start_IT
                0x08009ad0       0xe0 ./Drivers/STM32F4xx_HAL_Driver/Src/stm32f4xx_hal_tim.o
                0x08009ad0                HAL_TIM_Base_Start_IT
 .text.HAL_TIM_IRQHandler
                0x08009bb0      0x1e0 ./Drivers/STM32F4xx_HAL_Driver/Src/stm32f4xx_hal_tim.o
                0x08009bb0                HAL_TIM_IRQHandler
 .text.HAL_TIM_ConfigClockSource
                0x08009d90      0x18e ./Drivers/STM32F4xx_HAL_Driver/Src/stm32f4xx_hal_tim.o
                0x08009d90                HAL_TIM_ConfigClockSource
 .text.HAL_TIM_OC_DelayElapsedCallback
                0x08009f1e       0x14 ./Drivers/STM32F4xx_HAL_Driver/Src/stm32f4xx_hal_tim.o
                0x08009f1e                HAL_TIM_OC_DelayElapsedCallback
 .text.HAL_TIM_IC_CaptureCallback
                0x08009f32       0x14 ./Drivers/STM32F4xx_HAL_Driver/Src/stm32f4xx_hal_tim.o
                0x08009f32                HAL_TIM_IC_CaptureCallback
 .text.HAL_TIM_PWM_PulseFinishedCallback
                0x08009f46       0x14 ./Drivers/STM32F4xx_HAL_Driver/Src/stm32f4xx_hal_tim.o
                0x08009f46                HAL_TIM_PWM_PulseFinishedCallback
 .text.HAL_TIM_TriggerCallback
                0x08009f5a       0x14 ./Drivers/STM32F4xx_HAL_Driver/Src/stm32f4xx_hal_tim.o
                0x08009f5a                HAL_TIM_TriggerCallback
 *fill*         0x08009f6e        0x2 
 .text.TIM_Base_SetConfig
                0x08009f70      0x14c ./Drivers/STM32F4xx_HAL_Driver/Src/stm32f4xx_hal_tim.o
                0x08009f70                TIM_Base_SetConfig
 .text.TIM_TI1_ConfigInputStage
                0x0800a0bc       0x5e ./Drivers/STM32F4xx_HAL_Driver/Src/stm32f4xx_hal_tim.o
 .text.TIM_TI2_ConfigInputStage
                0x0800a11a       0x60 ./Drivers/STM32F4xx_HAL_Driver/Src/stm32f4xx_hal_tim.o
 .text.TIM_ITRx_SetConfig
                0x0800a17a       0x36 ./Drivers/STM32F4xx_HAL_Driver/Src/stm32f4xx_hal_tim.o
 .text.TIM_ETR_SetConfig
                0x0800a1b0       0x40 ./Drivers/STM32F4xx_HAL_Driver/Src/stm32f4xx_hal_tim.o
                0x0800a1b0                TIM_ETR_SetConfig
 .text.HAL_TIMEx_MasterConfigSynchronization
                0x0800a1f0       0xf8 ./Drivers/STM32F4xx_HAL_Driver/Src/stm32f4xx_hal_tim_ex.o
                0x0800a1f0                HAL_TIMEx_MasterConfigSynchronization
 .text.HAL_TIMEx_CommutCallback
                0x0800a2e8       0x14 ./Drivers/STM32F4xx_HAL_Driver/Src/stm32f4xx_hal_tim_ex.o
                0x0800a2e8                HAL_TIMEx_CommutCallback
 .text.HAL_TIMEx_BreakCallback
                0x0800a2fc       0x14 ./Drivers/STM32F4xx_HAL_Driver/Src/stm32f4xx_hal_tim_ex.o
                0x0800a2fc                HAL_TIMEx_BreakCallback
 .text.HAL_UART_Init
                0x0800a310       0xa0 ./Drivers/STM32F4xx_HAL_Driver/Src/stm32f4xx_hal_uart.o
                0x0800a310                HAL_UART_Init
 .text.HAL_UART_Transmit
                0x0800a3b0      0x116 ./Drivers/STM32F4xx_HAL_Driver/Src/stm32f4xx_hal_uart.o
                0x0800a3b0                HAL_UART_Transmit
 .text.HAL_UART_Receive_IT
                0x0800a4c6       0x4a ./Drivers/STM32F4xx_HAL_Driver/Src/stm32f4xx_hal_uart.o
                0x0800a4c6                HAL_UART_Receive_IT
 .text.HAL_UART_Transmit_DMA
                0x0800a510       0xf8 ./Drivers/STM32F4xx_HAL_Driver/Src/stm32f4xx_hal_uart.o
                0x0800a510                HAL_UART_Transmit_DMA
 .text.HAL_UART_Receive_DMA
                0x0800a608       0x4a ./Drivers/STM32F4xx_HAL_Driver/Src/stm32f4xx_hal_uart.o
                0x0800a608                HAL_UART_Receive_DMA
 .text.HAL_UART_DMAStop
                0x0800a652       0xfe ./Drivers/STM32F4xx_HAL_Driver/Src/stm32f4xx_hal_uart.o
                0x0800a652                HAL_UART_DMAStop
 .text.HAL_UART_IRQHandler
                0x0800a750      0x554 ./Drivers/STM32F4xx_HAL_Driver/Src/stm32f4xx_hal_uart.o
                0x0800a750                HAL_UART_IRQHandler
 .text.HAL_UART_TxCpltCallback
                0x0800aca4       0x14 ./Drivers/STM32F4xx_HAL_Driver/Src/stm32f4xx_hal_uart.o
                0x0800aca4                HAL_UART_TxCpltCallback
 .text.HAL_UART_TxHalfCpltCallback
                0x0800acb8       0x14 ./Drivers/STM32F4xx_HAL_Driver/Src/stm32f4xx_hal_uart.o
                0x0800acb8                HAL_UART_TxHalfCpltCallback
 .text.HAL_UART_RxHalfCpltCallback
                0x0800accc       0x14 ./Drivers/STM32F4xx_HAL_Driver/Src/stm32f4xx_hal_uart.o
                0x0800accc                HAL_UART_RxHalfCpltCallback
 .text.HAL_UART_ErrorCallback
                0x0800ace0       0x14 ./Drivers/STM32F4xx_HAL_Driver/Src/stm32f4xx_hal_uart.o
                0x0800ace0                HAL_UART_ErrorCallback
 .text.HAL_UARTEx_RxEventCallback
                0x0800acf4       0x18 ./Drivers/STM32F4xx_HAL_Driver/Src/stm32f4xx_hal_uart.o
                0x0800acf4                HAL_UARTEx_RxEventCallback
 .text.UART_DMATransmitCplt
                0x0800ad0c       0x9a ./Drivers/STM32F4xx_HAL_Driver/Src/stm32f4xx_hal_uart.o
 .text.UART_DMATxHalfCplt
                0x0800ada6       0x1c ./Drivers/STM32F4xx_HAL_Driver/Src/stm32f4xx_hal_uart.o
 .text.UART_DMAReceiveCplt
                0x0800adc2      0x12c ./Drivers/STM32F4xx_HAL_Driver/Src/stm32f4xx_hal_uart.o
 .text.UART_DMARxHalfCplt
                0x0800aeee       0x3c ./Drivers/STM32F4xx_HAL_Driver/Src/stm32f4xx_hal_uart.o
 .text.UART_DMAError
                0x0800af2a       0x94 ./Drivers/STM32F4xx_HAL_Driver/Src/stm32f4xx_hal_uart.o
 .text.UART_WaitOnFlagUntilTimeout
                0x0800afbe       0xb2 ./Drivers/STM32F4xx_HAL_Driver/Src/stm32f4xx_hal_uart.o
 .text.UART_Start_Receive_IT
                0x0800b070       0x74 ./Drivers/STM32F4xx_HAL_Driver/Src/stm32f4xx_hal_uart.o
                0x0800b070                UART_Start_Receive_IT
 .text.UART_Start_Receive_DMA
                0x0800b0e4      0x14c ./Drivers/STM32F4xx_HAL_Driver/Src/stm32f4xx_hal_uart.o
                0x0800b0e4                UART_Start_Receive_DMA
 .text.UART_EndTxTransfer
                0x0800b230       0x50 ./Drivers/STM32F4xx_HAL_Driver/Src/stm32f4xx_hal_uart.o
 .text.UART_EndRxTransfer
                0x0800b280       0xc6 ./Drivers/STM32F4xx_HAL_Driver/Src/stm32f4xx_hal_uart.o
 .text.UART_DMAAbortOnError
                0x0800b346       0x22 ./Drivers/STM32F4xx_HAL_Driver/Src/stm32f4xx_hal_uart.o
 .text.UART_Transmit_IT
                0x0800b368       0xa0 ./Drivers/STM32F4xx_HAL_Driver/Src/stm32f4xx_hal_uart.o
 .text.UART_EndTransmit_IT
                0x0800b408       0x30 ./Drivers/STM32F4xx_HAL_Driver/Src/stm32f4xx_hal_uart.o
 .text.UART_Receive_IT
                0x0800b438      0x17c ./Drivers/STM32F4xx_HAL_Driver/Src/stm32f4xx_hal_uart.o
 .text.UART_SetConfig
                0x0800b5b4      0x4e8 ./Drivers/STM32F4xx_HAL_Driver/Src/stm32f4xx_hal_uart.o
 .text.arm_pid_init_f32
                0x0800ba9c       0x3c ../Middlewares/ST/ARM/DSP/Lib\libarm_cortexM4lf_math.a(arm_pid_init_f32.o)
                0x0800ba9c                arm_pid_init_f32
 .text.acosf    0x0800bad8       0x58 C:/ST/STM32CubeIDE_1.19.0/STM32CubeIDE/plugins/com.st.stm32cube.ide.mcu.externaltools.gnu-tools-for-stm32.13.3.rel1.win32_1.0.0.202411081344/tools/bin/../lib/gcc/arm-none-eabi/13.3.1/../../../../arm-none-eabi/lib/thumb/v7e-m+fp/hard\libm.a(libm_a-wf_acos.o)
                0x0800bad8                acosf
 .text.asinf    0x0800bb30       0x58 C:/ST/STM32CubeIDE_1.19.0/STM32CubeIDE/plugins/com.st.stm32cube.ide.mcu.externaltools.gnu-tools-for-stm32.13.3.rel1.win32_1.0.0.202411081344/tools/bin/../lib/gcc/arm-none-eabi/13.3.1/../../../../arm-none-eabi/lib/thumb/v7e-m+fp/hard\libm.a(libm_a-wf_asin.o)
                0x0800bb30                asinf
 .text.atan2f   0x0800bb88        0x4 C:/ST/STM32CubeIDE_1.19.0/STM32CubeIDE/plugins/com.st.stm32cube.ide.mcu.externaltools.gnu-tools-for-stm32.13.3.rel1.win32_1.0.0.202411081344/tools/bin/../lib/gcc/arm-none-eabi/13.3.1/../../../../arm-none-eabi/lib/thumb/v7e-m+fp/hard\libm.a(libm_a-wf_atan2.o)
                0x0800bb88                atan2f
 .text.sqrtf    0x0800bb8c       0x3c C:/ST/STM32CubeIDE_1.19.0/STM32CubeIDE/plugins/com.st.stm32cube.ide.mcu.externaltools.gnu-tools-for-stm32.13.3.rel1.win32_1.0.0.202411081344/tools/bin/../lib/gcc/arm-none-eabi/13.3.1/../../../../arm-none-eabi/lib/thumb/v7e-m+fp/hard\libm.a(libm_a-wf_sqrt.o)
                0x0800bb8c                sqrtf
 .text.fabsf    0x0800bbc8        0xe C:/ST/STM32CubeIDE_1.19.0/STM32CubeIDE/plugins/com.st.stm32cube.ide.mcu.externaltools.gnu-tools-for-stm32.13.3.rel1.win32_1.0.0.202411081344/tools/bin/../lib/gcc/arm-none-eabi/13.3.1/../../../../arm-none-eabi/lib/thumb/v7e-m+fp/hard\libm.a(libm_a-sf_fabs.o)
                0x0800bbc8                fabsf
 *fill*         0x0800bbd6        0x2 
 .text.nanf     0x0800bbd8        0xc C:/ST/STM32CubeIDE_1.19.0/STM32CubeIDE/plugins/com.st.stm32cube.ide.mcu.externaltools.gnu-tools-for-stm32.13.3.rel1.win32_1.0.0.202411081344/tools/bin/../lib/gcc/arm-none-eabi/13.3.1/../../../../arm-none-eabi/lib/thumb/v7e-m+fp/hard\libm.a(libm_a-sf_nan.o)
                0x0800bbd8                nanf
 .text.__ieee754_sqrtf
                0x0800bbe4        0x6 C:/ST/STM32CubeIDE_1.19.0/STM32CubeIDE/plugins/com.st.stm32cube.ide.mcu.externaltools.gnu-tools-for-stm32.13.3.rel1.win32_1.0.0.202411081344/tools/bin/../lib/gcc/arm-none-eabi/13.3.1/../../../../arm-none-eabi/lib/thumb/v7e-m+fp/hard\libm.a(libm_a-ef_sqrt.o)
                0x0800bbe4                __ieee754_sqrtf
 *fill*         0x0800bbea        0x2 
 .text.__ieee754_acosf
                0x0800bbec      0x1ec C:/ST/STM32CubeIDE_1.19.0/STM32CubeIDE/plugins/com.st.stm32cube.ide.mcu.externaltools.gnu-tools-for-stm32.13.3.rel1.win32_1.0.0.202411081344/tools/bin/../lib/gcc/arm-none-eabi/13.3.1/../../../../arm-none-eabi/lib/thumb/v7e-m+fp/hard\libm.a(libm_a-ef_acos.o)
                0x0800bbec                __ieee754_acosf
 .text.__ieee754_asinf
                0x0800bdd8      0x1c8 C:/ST/STM32CubeIDE_1.19.0/STM32CubeIDE/plugins/com.st.stm32cube.ide.mcu.externaltools.gnu-tools-for-stm32.13.3.rel1.win32_1.0.0.202411081344/tools/bin/../lib/gcc/arm-none-eabi/13.3.1/../../../../arm-none-eabi/lib/thumb/v7e-m+fp/hard\libm.a(libm_a-ef_asin.o)
                0x0800bdd8                __ieee754_asinf
 .text.__ieee754_atan2f
                0x0800bfa0      0x140 C:/ST/STM32CubeIDE_1.19.0/STM32CubeIDE/plugins/com.st.stm32cube.ide.mcu.externaltools.gnu-tools-for-stm32.13.3.rel1.win32_1.0.0.202411081344/tools/bin/../lib/gcc/arm-none-eabi/13.3.1/../../../../arm-none-eabi/lib/thumb/v7e-m+fp/hard\libm.a(libm_a-ef_atan2.o)
                0x0800bfa0                __ieee754_atan2f
 .text.atanf    0x0800c0e0      0x1a8 C:/ST/STM32CubeIDE_1.19.0/STM32CubeIDE/plugins/com.st.stm32cube.ide.mcu.externaltools.gnu-tools-for-stm32.13.3.rel1.win32_1.0.0.202411081344/tools/bin/../lib/gcc/arm-none-eabi/13.3.1/../../../../arm-none-eabi/lib/thumb/v7e-m+fp/hard\libm.a(libm_a-sf_atan.o)
                0x0800c0e0                atanf
 .text.sulp     0x0800c288       0x3c C:/ST/STM32CubeIDE_1.19.0/STM32CubeIDE/plugins/com.st.stm32cube.ide.mcu.externaltools.gnu-tools-for-stm32.13.3.rel1.win32_1.0.0.202411081344/tools/bin/../lib/gcc/arm-none-eabi/13.3.1/../../../../arm-none-eabi/lib/thumb/v7e-m+fp/hard\libc_nano.a(libc_a-strtod.o)
 *fill*         0x0800c2c4        0x4 
 .text._strtod_l
                0x0800c2c8      0xbc8 C:/ST/STM32CubeIDE_1.19.0/STM32CubeIDE/plugins/com.st.stm32cube.ide.mcu.externaltools.gnu-tools-for-stm32.13.3.rel1.win32_1.0.0.202411081344/tools/bin/../lib/gcc/arm-none-eabi/13.3.1/../../../../arm-none-eabi/lib/thumb/v7e-m+fp/hard\libc_nano.a(libc_a-strtod.o)
                0x0800c2c8                _strtod_l
 .text._strtod_r
                0x0800ce90        0xc C:/ST/STM32CubeIDE_1.19.0/STM32CubeIDE/plugins/com.st.stm32cube.ide.mcu.externaltools.gnu-tools-for-stm32.13.3.rel1.win32_1.0.0.202411081344/tools/bin/../lib/gcc/arm-none-eabi/13.3.1/../../../../arm-none-eabi/lib/thumb/v7e-m+fp/hard\libc_nano.a(libc_a-strtod.o)
                0x0800ce90                _strtod_r
 .text.__cvt    0x0800ce9c       0xca C:/ST/STM32CubeIDE_1.19.0/STM32CubeIDE/plugins/com.st.stm32cube.ide.mcu.externaltools.gnu-tools-for-stm32.13.3.rel1.win32_1.0.0.202411081344/tools/bin/../lib/gcc/arm-none-eabi/13.3.1/../../../../arm-none-eabi/lib/thumb/v7e-m+fp/hard\libc_nano.a(libc_a-nano-vfprintf_float.o)
                0x0800ce9c                __cvt
 .text.__exponent
                0x0800cf66       0x74 C:/ST/STM32CubeIDE_1.19.0/STM32CubeIDE/plugins/com.st.stm32cube.ide.mcu.externaltools.gnu-tools-for-stm32.13.3.rel1.win32_1.0.0.202411081344/tools/bin/../lib/gcc/arm-none-eabi/13.3.1/../../../../arm-none-eabi/lib/thumb/v7e-m+fp/hard\libc_nano.a(libc_a-nano-vfprintf_float.o)
                0x0800cf66                __exponent
 *fill*         0x0800cfda        0x2 
 .text._printf_float
                0x0800cfdc      0x454 C:/ST/STM32CubeIDE_1.19.0/STM32CubeIDE/plugins/com.st.stm32cube.ide.mcu.externaltools.gnu-tools-for-stm32.13.3.rel1.win32_1.0.0.202411081344/tools/bin/../lib/gcc/arm-none-eabi/13.3.1/../../../../arm-none-eabi/lib/thumb/v7e-m+fp/hard\libc_nano.a(libc_a-nano-vfprintf_float.o)
                0x0800cfdc                _printf_float
 .text._printf_common
                0x0800d430       0xda C:/ST/STM32CubeIDE_1.19.0/STM32CubeIDE/plugins/com.st.stm32cube.ide.mcu.externaltools.gnu-tools-for-stm32.13.3.rel1.win32_1.0.0.202411081344/tools/bin/../lib/gcc/arm-none-eabi/13.3.1/../../../../arm-none-eabi/lib/thumb/v7e-m+fp/hard\libc_nano.a(libc_a-nano-vfprintf_i.o)
                0x0800d430                _printf_common
 *fill*         0x0800d50a        0x2 
 .text._printf_i
                0x0800d50c      0x23c C:/ST/STM32CubeIDE_1.19.0/STM32CubeIDE/plugins/com.st.stm32cube.ide.mcu.externaltools.gnu-tools-for-stm32.13.3.rel1.win32_1.0.0.202411081344/tools/bin/../lib/gcc/arm-none-eabi/13.3.1/../../../../arm-none-eabi/lib/thumb/v7e-m+fp/hard\libc_nano.a(libc_a-nano-vfprintf_i.o)
                0x0800d50c                _printf_i
 .text._scanf_float
                0x0800d748      0x41c C:/ST/STM32CubeIDE_1.19.0/STM32CubeIDE/plugins/com.st.stm32cube.ide.mcu.externaltools.gnu-tools-for-stm32.13.3.rel1.win32_1.0.0.202411081344/tools/bin/../lib/gcc/arm-none-eabi/13.3.1/../../../../arm-none-eabi/lib/thumb/v7e-m+fp/hard\libc_nano.a(libc_a-nano-vfscanf_float.o)
                0x0800d748                _scanf_float
 .text.std      0x0800db64       0x6c C:/ST/STM32CubeIDE_1.19.0/STM32CubeIDE/plugins/com.st.stm32cube.ide.mcu.externaltools.gnu-tools-for-stm32.13.3.rel1.win32_1.0.0.202411081344/tools/bin/../lib/gcc/arm-none-eabi/13.3.1/../../../../arm-none-eabi/lib/thumb/v7e-m+fp/hard\libc_nano.a(libc_a-findfp.o)
 .text.stdio_exit_handler
                0x0800dbd0       0x18 C:/ST/STM32CubeIDE_1.19.0/STM32CubeIDE/plugins/com.st.stm32cube.ide.mcu.externaltools.gnu-tools-for-stm32.13.3.rel1.win32_1.0.0.202411081344/tools/bin/../lib/gcc/arm-none-eabi/13.3.1/../../../../arm-none-eabi/lib/thumb/v7e-m+fp/hard\libc_nano.a(libc_a-findfp.o)
 .text.cleanup_stdio
                0x0800dbe8       0x40 C:/ST/STM32CubeIDE_1.19.0/STM32CubeIDE/plugins/com.st.stm32cube.ide.mcu.externaltools.gnu-tools-for-stm32.13.3.rel1.win32_1.0.0.202411081344/tools/bin/../lib/gcc/arm-none-eabi/13.3.1/../../../../arm-none-eabi/lib/thumb/v7e-m+fp/hard\libc_nano.a(libc_a-findfp.o)
 .text.global_stdio_init.part.0
                0x0800dc28       0x3c C:/ST/STM32CubeIDE_1.19.0/STM32CubeIDE/plugins/com.st.stm32cube.ide.mcu.externaltools.gnu-tools-for-stm32.13.3.rel1.win32_1.0.0.202411081344/tools/bin/../lib/gcc/arm-none-eabi/13.3.1/../../../../arm-none-eabi/lib/thumb/v7e-m+fp/hard\libc_nano.a(libc_a-findfp.o)
 .text.__sfp_lock_acquire
                0x0800dc64        0xc C:/ST/STM32CubeIDE_1.19.0/STM32CubeIDE/plugins/com.st.stm32cube.ide.mcu.externaltools.gnu-tools-for-stm32.13.3.rel1.win32_1.0.0.202411081344/tools/bin/../lib/gcc/arm-none-eabi/13.3.1/../../../../arm-none-eabi/lib/thumb/v7e-m+fp/hard\libc_nano.a(libc_a-findfp.o)
                0x0800dc64                __sfp_lock_acquire
 .text.__sfp_lock_release
                0x0800dc70        0xc C:/ST/STM32CubeIDE_1.19.0/STM32CubeIDE/plugins/com.st.stm32cube.ide.mcu.externaltools.gnu-tools-for-stm32.13.3.rel1.win32_1.0.0.202411081344/tools/bin/../lib/gcc/arm-none-eabi/13.3.1/../../../../arm-none-eabi/lib/thumb/v7e-m+fp/hard\libc_nano.a(libc_a-findfp.o)
                0x0800dc70                __sfp_lock_release
 .text.__sinit  0x0800dc7c       0x30 C:/ST/STM32CubeIDE_1.19.0/STM32CubeIDE/plugins/com.st.stm32cube.ide.mcu.externaltools.gnu-tools-for-stm32.13.3.rel1.win32_1.0.0.202411081344/tools/bin/../lib/gcc/arm-none-eabi/13.3.1/../../../../arm-none-eabi/lib/thumb/v7e-m+fp/hard\libc_nano.a(libc_a-findfp.o)
                0x0800dc7c                __sinit
 .text._fwalk_sglue
                0x0800dcac       0x3c C:/ST/STM32CubeIDE_1.19.0/STM32CubeIDE/plugins/com.st.stm32cube.ide.mcu.externaltools.gnu-tools-for-stm32.13.3.rel1.win32_1.0.0.202411081344/tools/bin/../lib/gcc/arm-none-eabi/13.3.1/../../../../arm-none-eabi/lib/thumb/v7e-m+fp/hard\libc_nano.a(libc_a-fwalk.o)
                0x0800dcac                _fwalk_sglue
 .text.printf   0x0800dce8       0x24 C:/ST/STM32CubeIDE_1.19.0/STM32CubeIDE/plugins/com.st.stm32cube.ide.mcu.externaltools.gnu-tools-for-stm32.13.3.rel1.win32_1.0.0.202411081344/tools/bin/../lib/gcc/arm-none-eabi/13.3.1/../../../../arm-none-eabi/lib/thumb/v7e-m+fp/hard\libc_nano.a(libc_a-printf.o)
                0x0800dce8                iprintf
                0x0800dce8                printf
 .text._puts_r  0x0800dd0c       0xaa C:/ST/STM32CubeIDE_1.19.0/STM32CubeIDE/plugins/com.st.stm32cube.ide.mcu.externaltools.gnu-tools-for-stm32.13.3.rel1.win32_1.0.0.202411081344/tools/bin/../lib/gcc/arm-none-eabi/13.3.1/../../../../arm-none-eabi/lib/thumb/v7e-m+fp/hard\libc_nano.a(libc_a-puts.o)
                0x0800dd0c                _puts_r
 *fill*         0x0800ddb6        0x2 
 .text.puts     0x0800ddb8       0x10 C:/ST/STM32CubeIDE_1.19.0/STM32CubeIDE/plugins/com.st.stm32cube.ide.mcu.externaltools.gnu-tools-for-stm32.13.3.rel1.win32_1.0.0.202411081344/tools/bin/../lib/gcc/arm-none-eabi/13.3.1/../../../../arm-none-eabi/lib/thumb/v7e-m+fp/hard\libc_nano.a(libc_a-puts.o)
                0x0800ddb8                puts
 .text.sprintf  0x0800ddc8       0x44 C:/ST/STM32CubeIDE_1.19.0/STM32CubeIDE/plugins/com.st.stm32cube.ide.mcu.externaltools.gnu-tools-for-stm32.13.3.rel1.win32_1.0.0.202411081344/tools/bin/../lib/gcc/arm-none-eabi/13.3.1/../../../../arm-none-eabi/lib/thumb/v7e-m+fp/hard\libc_nano.a(libc_a-sprintf.o)
                0x0800ddc8                siprintf
                0x0800ddc8                sprintf
 .text.__sread  0x0800de0c       0x22 C:/ST/STM32CubeIDE_1.19.0/STM32CubeIDE/plugins/com.st.stm32cube.ide.mcu.externaltools.gnu-tools-for-stm32.13.3.rel1.win32_1.0.0.202411081344/tools/bin/../lib/gcc/arm-none-eabi/13.3.1/../../../../arm-none-eabi/lib/thumb/v7e-m+fp/hard\libc_nano.a(libc_a-stdio.o)
                0x0800de0c                __sread
 .text.__swrite
                0x0800de2e       0x38 C:/ST/STM32CubeIDE_1.19.0/STM32CubeIDE/plugins/com.st.stm32cube.ide.mcu.externaltools.gnu-tools-for-stm32.13.3.rel1.win32_1.0.0.202411081344/tools/bin/../lib/gcc/arm-none-eabi/13.3.1/../../../../arm-none-eabi/lib/thumb/v7e-m+fp/hard\libc_nano.a(libc_a-stdio.o)
                0x0800de2e                __swrite
 .text.__sseek  0x0800de66       0x24 C:/ST/STM32CubeIDE_1.19.0/STM32CubeIDE/plugins/com.st.stm32cube.ide.mcu.externaltools.gnu-tools-for-stm32.13.3.rel1.win32_1.0.0.202411081344/tools/bin/../lib/gcc/arm-none-eabi/13.3.1/../../../../arm-none-eabi/lib/thumb/v7e-m+fp/hard\libc_nano.a(libc_a-stdio.o)
                0x0800de66                __sseek
 .text.__sclose
                0x0800de8a        0x8 C:/ST/STM32CubeIDE_1.19.0/STM32CubeIDE/plugins/com.st.stm32cube.ide.mcu.externaltools.gnu-tools-for-stm32.13.3.rel1.win32_1.0.0.202411081344/tools/bin/../lib/gcc/arm-none-eabi/13.3.1/../../../../arm-none-eabi/lib/thumb/v7e-m+fp/hard\libc_nano.a(libc_a-stdio.o)
                0x0800de8a                __sclose
 .text.__swbuf_r
                0x0800de92       0x7c C:/ST/STM32CubeIDE_1.19.0/STM32CubeIDE/plugins/com.st.stm32cube.ide.mcu.externaltools.gnu-tools-for-stm32.13.3.rel1.win32_1.0.0.202411081344/tools/bin/../lib/gcc/arm-none-eabi/13.3.1/../../../../arm-none-eabi/lib/thumb/v7e-m+fp/hard\libc_nano.a(libc_a-wbuf.o)
                0x0800de92                __swbuf_r
 *fill*         0x0800df0e        0x2 
 .text.__swsetup_r
                0x0800df10       0xac C:/ST/STM32CubeIDE_1.19.0/STM32CubeIDE/plugins/com.st.stm32cube.ide.mcu.externaltools.gnu-tools-for-stm32.13.3.rel1.win32_1.0.0.202411081344/tools/bin/../lib/gcc/arm-none-eabi/13.3.1/../../../../arm-none-eabi/lib/thumb/v7e-m+fp/hard\libc_nano.a(libc_a-wsetup.o)
                0x0800df10                __swsetup_r
 .text.memcmp   0x0800dfbc       0x20 C:/ST/STM32CubeIDE_1.19.0/STM32CubeIDE/plugins/com.st.stm32cube.ide.mcu.externaltools.gnu-tools-for-stm32.13.3.rel1.win32_1.0.0.202411081344/tools/bin/../lib/gcc/arm-none-eabi/13.3.1/../../../../arm-none-eabi/lib/thumb/v7e-m+fp/hard\libc_nano.a(libc_a-memcmp.o)
                0x0800dfbc                memcmp
 .text.memset   0x0800dfdc       0x10 C:/ST/STM32CubeIDE_1.19.0/STM32CubeIDE/plugins/com.st.stm32cube.ide.mcu.externaltools.gnu-tools-for-stm32.13.3.rel1.win32_1.0.0.202411081344/tools/bin/../lib/gcc/arm-none-eabi/13.3.1/../../../../arm-none-eabi/lib/thumb/v7e-m+fp/hard\libc_nano.a(libc_a-memset.o)
                0x0800dfdc                memset
 .text.strncmp  0x0800dfec       0x24 C:/ST/STM32CubeIDE_1.19.0/STM32CubeIDE/plugins/com.st.stm32cube.ide.mcu.externaltools.gnu-tools-for-stm32.13.3.rel1.win32_1.0.0.202411081344/tools/bin/../lib/gcc/arm-none-eabi/13.3.1/../../../../arm-none-eabi/lib/thumb/v7e-m+fp/hard\libc_nano.a(libc_a-strncmp.o)
                0x0800dfec                strncmp
 .text._localeconv_r
                0x0800e010        0x8 C:/ST/STM32CubeIDE_1.19.0/STM32CubeIDE/plugins/com.st.stm32cube.ide.mcu.externaltools.gnu-tools-for-stm32.13.3.rel1.win32_1.0.0.202411081344/tools/bin/../lib/gcc/arm-none-eabi/13.3.1/../../../../arm-none-eabi/lib/thumb/v7e-m+fp/hard\libc_nano.a(libc_a-localeconv.o)
                0x0800e010                _localeconv_r
 .text._close_r
                0x0800e018       0x20 C:/ST/STM32CubeIDE_1.19.0/STM32CubeIDE/plugins/com.st.stm32cube.ide.mcu.externaltools.gnu-tools-for-stm32.13.3.rel1.win32_1.0.0.202411081344/tools/bin/../lib/gcc/arm-none-eabi/13.3.1/../../../../arm-none-eabi/lib/thumb/v7e-m+fp/hard\libc_nano.a(libc_a-closer.o)
                0x0800e018                _close_r
 .text._lseek_r
                0x0800e038       0x24 C:/ST/STM32CubeIDE_1.19.0/STM32CubeIDE/plugins/com.st.stm32cube.ide.mcu.externaltools.gnu-tools-for-stm32.13.3.rel1.win32_1.0.0.202411081344/tools/bin/../lib/gcc/arm-none-eabi/13.3.1/../../../../arm-none-eabi/lib/thumb/v7e-m+fp/hard\libc_nano.a(libc_a-lseekr.o)
                0x0800e038                _lseek_r
 .text._read_r  0x0800e05c       0x24 C:/ST/STM32CubeIDE_1.19.0/STM32CubeIDE/plugins/com.st.stm32cube.ide.mcu.externaltools.gnu-tools-for-stm32.13.3.rel1.win32_1.0.0.202411081344/tools/bin/../lib/gcc/arm-none-eabi/13.3.1/../../../../arm-none-eabi/lib/thumb/v7e-m+fp/hard\libc_nano.a(libc_a-readr.o)
                0x0800e05c                _read_r
 .text._write_r
                0x0800e080       0x24 C:/ST/STM32CubeIDE_1.19.0/STM32CubeIDE/plugins/com.st.stm32cube.ide.mcu.externaltools.gnu-tools-for-stm32.13.3.rel1.win32_1.0.0.202411081344/tools/bin/../lib/gcc/arm-none-eabi/13.3.1/../../../../arm-none-eabi/lib/thumb/v7e-m+fp/hard\libc_nano.a(libc_a-writer.o)
                0x0800e080                _write_r
 .text.__errno  0x0800e0a4        0xc C:/ST/STM32CubeIDE_1.19.0/STM32CubeIDE/plugins/com.st.stm32cube.ide.mcu.externaltools.gnu-tools-for-stm32.13.3.rel1.win32_1.0.0.202411081344/tools/bin/../lib/gcc/arm-none-eabi/13.3.1/../../../../arm-none-eabi/lib/thumb/v7e-m+fp/hard\libc_nano.a(libc_a-errno.o)
                0x0800e0a4                __errno
 .text.__libc_init_array
                0x0800e0b0       0x48 C:/ST/STM32CubeIDE_1.19.0/STM32CubeIDE/plugins/com.st.stm32cube.ide.mcu.externaltools.gnu-tools-for-stm32.13.3.rel1.win32_1.0.0.202411081344/tools/bin/../lib/gcc/arm-none-eabi/13.3.1/../../../../arm-none-eabi/lib/thumb/v7e-m+fp/hard\libc_nano.a(libc_a-init.o)
                0x0800e0b0                __libc_init_array
 .text.__retarget_lock_init_recursive
                0x0800e0f8        0x2 C:/ST/STM32CubeIDE_1.19.0/STM32CubeIDE/plugins/com.st.stm32cube.ide.mcu.externaltools.gnu-tools-for-stm32.13.3.rel1.win32_1.0.0.202411081344/tools/bin/../lib/gcc/arm-none-eabi/13.3.1/../../../../arm-none-eabi/lib/thumb/v7e-m+fp/hard\libc_nano.a(libc_a-lock.o)
                0x0800e0f8                __retarget_lock_init_recursive
 .text.__retarget_lock_acquire_recursive
                0x0800e0fa        0x2 C:/ST/STM32CubeIDE_1.19.0/STM32CubeIDE/plugins/com.st.stm32cube.ide.mcu.externaltools.gnu-tools-for-stm32.13.3.rel1.win32_1.0.0.202411081344/tools/bin/../lib/gcc/arm-none-eabi/13.3.1/../../../../arm-none-eabi/lib/thumb/v7e-m+fp/hard\libc_nano.a(libc_a-lock.o)
                0x0800e0fa                __retarget_lock_acquire_recursive
 .text.__retarget_lock_release_recursive
                0x0800e0fc        0x2 C:/ST/STM32CubeIDE_1.19.0/STM32CubeIDE/plugins/com.st.stm32cube.ide.mcu.externaltools.gnu-tools-for-stm32.13.3.rel1.win32_1.0.0.202411081344/tools/bin/../lib/gcc/arm-none-eabi/13.3.1/../../../../arm-none-eabi/lib/thumb/v7e-m+fp/hard\libc_nano.a(libc_a-lock.o)
                0x0800e0fc                __retarget_lock_release_recursive
 .text.strcpy   0x0800e0fe       0x10 C:/ST/STM32CubeIDE_1.19.0/STM32CubeIDE/plugins/com.st.stm32cube.ide.mcu.externaltools.gnu-tools-for-stm32.13.3.rel1.win32_1.0.0.202411081344/tools/bin/../lib/gcc/arm-none-eabi/13.3.1/../../../../arm-none-eabi/lib/thumb/v7e-m+fp/hard\libc_nano.a(libc_a-strcpy.o)
                0x0800e0fe                strcpy
 .text.memcpy   0x0800e10e       0x1c C:/ST/STM32CubeIDE_1.19.0/STM32CubeIDE/plugins/com.st.stm32cube.ide.mcu.externaltools.gnu-tools-for-stm32.13.3.rel1.win32_1.0.0.202411081344/tools/bin/../lib/gcc/arm-none-eabi/13.3.1/../../../../arm-none-eabi/lib/thumb/v7e-m+fp/hard\libc_nano.a(libc_a-memcpy-stub.o)
                0x0800e10e                memcpy
 *fill*         0x0800e12a        0x6 
 .text.nan      0x0800e130       0x10 C:/ST/STM32CubeIDE_1.19.0/STM32CubeIDE/plugins/com.st.stm32cube.ide.mcu.externaltools.gnu-tools-for-stm32.13.3.rel1.win32_1.0.0.202411081344/tools/bin/../lib/gcc/arm-none-eabi/13.3.1/../../../../arm-none-eabi/lib/thumb/v7e-m+fp/hard\libc_nano.a(libm_a-s_nan.o)
                0x0800e130                nan
 .text.quorem   0x0800e140      0x110 C:/ST/STM32CubeIDE_1.19.0/STM32CubeIDE/plugins/com.st.stm32cube.ide.mcu.externaltools.gnu-tools-for-stm32.13.3.rel1.win32_1.0.0.202411081344/tools/bin/../lib/gcc/arm-none-eabi/13.3.1/../../../../arm-none-eabi/lib/thumb/v7e-m+fp/hard\libc_nano.a(libc_a-dtoa.o)
 .text._dtoa_r  0x0800e250      0xba0 C:/ST/STM32CubeIDE_1.19.0/STM32CubeIDE/plugins/com.st.stm32cube.ide.mcu.externaltools.gnu-tools-for-stm32.13.3.rel1.win32_1.0.0.202411081344/tools/bin/../lib/gcc/arm-none-eabi/13.3.1/../../../../arm-none-eabi/lib/thumb/v7e-m+fp/hard\libc_nano.a(libc_a-dtoa.o)
                0x0800e250                _dtoa_r
 .text._free_r  0x0800edf0       0x94 C:/ST/STM32CubeIDE_1.19.0/STM32CubeIDE/plugins/com.st.stm32cube.ide.mcu.externaltools.gnu-tools-for-stm32.13.3.rel1.win32_1.0.0.202411081344/tools/bin/../lib/gcc/arm-none-eabi/13.3.1/../../../../arm-none-eabi/lib/thumb/v7e-m+fp/hard\libc_nano.a(libc_a-freer.o)
                0x0800edf0                _free_r
 .text.rshift   0x0800ee84       0xa4 C:/ST/STM32CubeIDE_1.19.0/STM32CubeIDE/plugins/com.st.stm32cube.ide.mcu.externaltools.gnu-tools-for-stm32.13.3.rel1.win32_1.0.0.202411081344/tools/bin/../lib/gcc/arm-none-eabi/13.3.1/../../../../arm-none-eabi/lib/thumb/v7e-m+fp/hard\libc_nano.a(libc_a-gdtoa-gethex.o)
 .text.__hexdig_fun
                0x0800ef28       0x2a C:/ST/STM32CubeIDE_1.19.0/STM32CubeIDE/plugins/com.st.stm32cube.ide.mcu.externaltools.gnu-tools-for-stm32.13.3.rel1.win32_1.0.0.202411081344/tools/bin/../lib/gcc/arm-none-eabi/13.3.1/../../../../arm-none-eabi/lib/thumb/v7e-m+fp/hard\libc_nano.a(libc_a-gdtoa-gethex.o)
                0x0800ef28                __hexdig_fun
 *fill*         0x0800ef52        0x2 
 .text.__gethex
                0x0800ef54      0x420 C:/ST/STM32CubeIDE_1.19.0/STM32CubeIDE/plugins/com.st.stm32cube.ide.mcu.externaltools.gnu-tools-for-stm32.13.3.rel1.win32_1.0.0.202411081344/tools/bin/../lib/gcc/arm-none-eabi/13.3.1/../../../../arm-none-eabi/lib/thumb/v7e-m+fp/hard\libc_nano.a(libc_a-gdtoa-gethex.o)
                0x0800ef54                __gethex
 .text.L_shift  0x0800f374       0x24 C:/ST/STM32CubeIDE_1.19.0/STM32CubeIDE/plugins/com.st.stm32cube.ide.mcu.externaltools.gnu-tools-for-stm32.13.3.rel1.win32_1.0.0.202411081344/tools/bin/../lib/gcc/arm-none-eabi/13.3.1/../../../../arm-none-eabi/lib/thumb/v7e-m+fp/hard\libc_nano.a(libc_a-gdtoa-hexnan.o)
 .text.__match  0x0800f398       0x28 C:/ST/STM32CubeIDE_1.19.0/STM32CubeIDE/plugins/com.st.stm32cube.ide.mcu.externaltools.gnu-tools-for-stm32.13.3.rel1.win32_1.0.0.202411081344/tools/bin/../lib/gcc/arm-none-eabi/13.3.1/../../../../arm-none-eabi/lib/thumb/v7e-m+fp/hard\libc_nano.a(libc_a-gdtoa-hexnan.o)
                0x0800f398                __match
 .text.__hexnan
                0x0800f3c0      0x136 C:/ST/STM32CubeIDE_1.19.0/STM32CubeIDE/plugins/com.st.stm32cube.ide.mcu.externaltools.gnu-tools-for-stm32.13.3.rel1.win32_1.0.0.202411081344/tools/bin/../lib/gcc/arm-none-eabi/13.3.1/../../../../arm-none-eabi/lib/thumb/v7e-m+fp/hard\libc_nano.a(libc_a-gdtoa-hexnan.o)
                0x0800f3c0                __hexnan
 *fill*         0x0800f4f6        0x2 
 .text.malloc   0x0800f4f8       0x10 C:/ST/STM32CubeIDE_1.19.0/STM32CubeIDE/plugins/com.st.stm32cube.ide.mcu.externaltools.gnu-tools-for-stm32.13.3.rel1.win32_1.0.0.202411081344/tools/bin/../lib/gcc/arm-none-eabi/13.3.1/../../../../arm-none-eabi/lib/thumb/v7e-m+fp/hard\libc_nano.a(libc_a-malloc.o)
                0x0800f4f8                malloc
 .text.sbrk_aligned
                0x0800f508       0x44 C:/ST/STM32CubeIDE_1.19.0/STM32CubeIDE/plugins/com.st.stm32cube.ide.mcu.externaltools.gnu-tools-for-stm32.13.3.rel1.win32_1.0.0.202411081344/tools/bin/../lib/gcc/arm-none-eabi/13.3.1/../../../../arm-none-eabi/lib/thumb/v7e-m+fp/hard\libc_nano.a(libc_a-mallocr.o)
 .text._malloc_r
                0x0800f54c      0x100 C:/ST/STM32CubeIDE_1.19.0/STM32CubeIDE/plugins/com.st.stm32cube.ide.mcu.externaltools.gnu-tools-for-stm32.13.3.rel1.win32_1.0.0.202411081344/tools/bin/../lib/gcc/arm-none-eabi/13.3.1/../../../../arm-none-eabi/lib/thumb/v7e-m+fp/hard\libc_nano.a(libc_a-mallocr.o)
                0x0800f54c                _malloc_r
 .text.__ascii_mbtowc
                0x0800f64c       0x24 C:/ST/STM32CubeIDE_1.19.0/STM32CubeIDE/plugins/com.st.stm32cube.ide.mcu.externaltools.gnu-tools-for-stm32.13.3.rel1.win32_1.0.0.202411081344/tools/bin/../lib/gcc/arm-none-eabi/13.3.1/../../../../arm-none-eabi/lib/thumb/v7e-m+fp/hard\libc_nano.a(libc_a-mbtowc_r.o)
                0x0800f64c                __ascii_mbtowc
 .text.__malloc_lock
                0x0800f670        0xc C:/ST/STM32CubeIDE_1.19.0/STM32CubeIDE/plugins/com.st.stm32cube.ide.mcu.externaltools.gnu-tools-for-stm32.13.3.rel1.win32_1.0.0.202411081344/tools/bin/../lib/gcc/arm-none-eabi/13.3.1/../../../../arm-none-eabi/lib/thumb/v7e-m+fp/hard\libc_nano.a(libc_a-mlock.o)
                0x0800f670                __malloc_lock
 .text.__malloc_unlock
                0x0800f67c        0xc C:/ST/STM32CubeIDE_1.19.0/STM32CubeIDE/plugins/com.st.stm32cube.ide.mcu.externaltools.gnu-tools-for-stm32.13.3.rel1.win32_1.0.0.202411081344/tools/bin/../lib/gcc/arm-none-eabi/13.3.1/../../../../arm-none-eabi/lib/thumb/v7e-m+fp/hard\libc_nano.a(libc_a-mlock.o)
                0x0800f67c                __malloc_unlock
 .text._Balloc  0x0800f688       0x80 C:/ST/STM32CubeIDE_1.19.0/STM32CubeIDE/plugins/com.st.stm32cube.ide.mcu.externaltools.gnu-tools-for-stm32.13.3.rel1.win32_1.0.0.202411081344/tools/bin/../lib/gcc/arm-none-eabi/13.3.1/../../../../arm-none-eabi/lib/thumb/v7e-m+fp/hard\libc_nano.a(libc_a-mprec.o)
                0x0800f688                _Balloc
 .text._Bfree   0x0800f708       0x44 C:/ST/STM32CubeIDE_1.19.0/STM32CubeIDE/plugins/com.st.stm32cube.ide.mcu.externaltools.gnu-tools-for-stm32.13.3.rel1.win32_1.0.0.202411081344/tools/bin/../lib/gcc/arm-none-eabi/13.3.1/../../../../arm-none-eabi/lib/thumb/v7e-m+fp/hard\libc_nano.a(libc_a-mprec.o)
                0x0800f708                _Bfree
 .text.__multadd
                0x0800f74c       0x8c C:/ST/STM32CubeIDE_1.19.0/STM32CubeIDE/plugins/com.st.stm32cube.ide.mcu.externaltools.gnu-tools-for-stm32.13.3.rel1.win32_1.0.0.202411081344/tools/bin/../lib/gcc/arm-none-eabi/13.3.1/../../../../arm-none-eabi/lib/thumb/v7e-m+fp/hard\libc_nano.a(libc_a-mprec.o)
                0x0800f74c                __multadd
 .text.__s2b    0x0800f7d8       0x94 C:/ST/STM32CubeIDE_1.19.0/STM32CubeIDE/plugins/com.st.stm32cube.ide.mcu.externaltools.gnu-tools-for-stm32.13.3.rel1.win32_1.0.0.202411081344/tools/bin/../lib/gcc/arm-none-eabi/13.3.1/../../../../arm-none-eabi/lib/thumb/v7e-m+fp/hard\libc_nano.a(libc_a-mprec.o)
                0x0800f7d8                __s2b
 .text.__hi0bits
                0x0800f86c       0x3e C:/ST/STM32CubeIDE_1.19.0/STM32CubeIDE/plugins/com.st.stm32cube.ide.mcu.externaltools.gnu-tools-for-stm32.13.3.rel1.win32_1.0.0.202411081344/tools/bin/../lib/gcc/arm-none-eabi/13.3.1/../../../../arm-none-eabi/lib/thumb/v7e-m+fp/hard\libc_nano.a(libc_a-mprec.o)
                0x0800f86c                __hi0bits
 .text.__lo0bits
                0x0800f8aa       0x5a C:/ST/STM32CubeIDE_1.19.0/STM32CubeIDE/plugins/com.st.stm32cube.ide.mcu.externaltools.gnu-tools-for-stm32.13.3.rel1.win32_1.0.0.202411081344/tools/bin/../lib/gcc/arm-none-eabi/13.3.1/../../../../arm-none-eabi/lib/thumb/v7e-m+fp/hard\libc_nano.a(libc_a-mprec.o)
                0x0800f8aa                __lo0bits
 .text.__i2b    0x0800f904       0x2c C:/ST/STM32CubeIDE_1.19.0/STM32CubeIDE/plugins/com.st.stm32cube.ide.mcu.externaltools.gnu-tools-for-stm32.13.3.rel1.win32_1.0.0.202411081344/tools/bin/../lib/gcc/arm-none-eabi/13.3.1/../../../../arm-none-eabi/lib/thumb/v7e-m+fp/hard\libc_nano.a(libc_a-mprec.o)
                0x0800f904                __i2b
 .text.__multiply
                0x0800f930      0x144 C:/ST/STM32CubeIDE_1.19.0/STM32CubeIDE/plugins/com.st.stm32cube.ide.mcu.externaltools.gnu-tools-for-stm32.13.3.rel1.win32_1.0.0.202411081344/tools/bin/../lib/gcc/arm-none-eabi/13.3.1/../../../../arm-none-eabi/lib/thumb/v7e-m+fp/hard\libc_nano.a(libc_a-mprec.o)
                0x0800f930                __multiply
 .text.__pow5mult
                0x0800fa74       0xb4 C:/ST/STM32CubeIDE_1.19.0/STM32CubeIDE/plugins/com.st.stm32cube.ide.mcu.externaltools.gnu-tools-for-stm32.13.3.rel1.win32_1.0.0.202411081344/tools/bin/../lib/gcc/arm-none-eabi/13.3.1/../../../../arm-none-eabi/lib/thumb/v7e-m+fp/hard\libc_nano.a(libc_a-mprec.o)
                0x0800fa74                __pow5mult
 .text.__lshift
                0x0800fb28       0xd8 C:/ST/STM32CubeIDE_1.19.0/STM32CubeIDE/plugins/com.st.stm32cube.ide.mcu.externaltools.gnu-tools-for-stm32.13.3.rel1.win32_1.0.0.202411081344/tools/bin/../lib/gcc/arm-none-eabi/13.3.1/../../../../arm-none-eabi/lib/thumb/v7e-m+fp/hard\libc_nano.a(libc_a-mprec.o)
                0x0800fb28                __lshift
 .text.__mcmp   0x0800fc00       0x36 C:/ST/STM32CubeIDE_1.19.0/STM32CubeIDE/plugins/com.st.stm32cube.ide.mcu.externaltools.gnu-tools-for-stm32.13.3.rel1.win32_1.0.0.202411081344/tools/bin/../lib/gcc/arm-none-eabi/13.3.1/../../../../arm-none-eabi/lib/thumb/v7e-m+fp/hard\libc_nano.a(libc_a-mprec.o)
                0x0800fc00                __mcmp
 *fill*         0x0800fc36        0x2 
 .text.__mdiff  0x0800fc38      0x128 C:/ST/STM32CubeIDE_1.19.0/STM32CubeIDE/plugins/com.st.stm32cube.ide.mcu.externaltools.gnu-tools-for-stm32.13.3.rel1.win32_1.0.0.202411081344/tools/bin/../lib/gcc/arm-none-eabi/13.3.1/../../../../arm-none-eabi/lib/thumb/v7e-m+fp/hard\libc_nano.a(libc_a-mprec.o)
                0x0800fc38                __mdiff
 .text.__ulp    0x0800fd60       0x4c C:/ST/STM32CubeIDE_1.19.0/STM32CubeIDE/plugins/com.st.stm32cube.ide.mcu.externaltools.gnu-tools-for-stm32.13.3.rel1.win32_1.0.0.202411081344/tools/bin/../lib/gcc/arm-none-eabi/13.3.1/../../../../arm-none-eabi/lib/thumb/v7e-m+fp/hard\libc_nano.a(libc_a-mprec.o)
                0x0800fd60                __ulp
 .text.__b2d    0x0800fdac       0x94 C:/ST/STM32CubeIDE_1.19.0/STM32CubeIDE/plugins/com.st.stm32cube.ide.mcu.externaltools.gnu-tools-for-stm32.13.3.rel1.win32_1.0.0.202411081344/tools/bin/../lib/gcc/arm-none-eabi/13.3.1/../../../../arm-none-eabi/lib/thumb/v7e-m+fp/hard\libc_nano.a(libc_a-mprec.o)
                0x0800fdac                __b2d
 .text.__d2b    0x0800fe40       0xb0 C:/ST/STM32CubeIDE_1.19.0/STM32CubeIDE/plugins/com.st.stm32cube.ide.mcu.externaltools.gnu-tools-for-stm32.13.3.rel1.win32_1.0.0.202411081344/tools/bin/../lib/gcc/arm-none-eabi/13.3.1/../../../../arm-none-eabi/lib/thumb/v7e-m+fp/hard\libc_nano.a(libc_a-mprec.o)
                0x0800fe40                __d2b
 .text.__ratio  0x0800fef0       0x64 C:/ST/STM32CubeIDE_1.19.0/STM32CubeIDE/plugins/com.st.stm32cube.ide.mcu.externaltools.gnu-tools-for-stm32.13.3.rel1.win32_1.0.0.202411081344/tools/bin/../lib/gcc/arm-none-eabi/13.3.1/../../../../arm-none-eabi/lib/thumb/v7e-m+fp/hard\libc_nano.a(libc_a-mprec.o)
                0x0800fef0                __ratio
 .text.__copybits
                0x0800ff54       0x46 C:/ST/STM32CubeIDE_1.19.0/STM32CubeIDE/plugins/com.st.stm32cube.ide.mcu.externaltools.gnu-tools-for-stm32.13.3.rel1.win32_1.0.0.202411081344/tools/bin/../lib/gcc/arm-none-eabi/13.3.1/../../../../arm-none-eabi/lib/thumb/v7e-m+fp/hard\libc_nano.a(libc_a-mprec.o)
                0x0800ff54                __copybits
 .text.__any_on
                0x0800ff9a       0x42 C:/ST/STM32CubeIDE_1.19.0/STM32CubeIDE/plugins/com.st.stm32cube.ide.mcu.externaltools.gnu-tools-for-stm32.13.3.rel1.win32_1.0.0.202411081344/tools/bin/../lib/gcc/arm-none-eabi/13.3.1/../../../../arm-none-eabi/lib/thumb/v7e-m+fp/hard\libc_nano.a(libc_a-mprec.o)
                0x0800ff9a                __any_on
 .text._strtol_l.isra.0
                0x0800ffdc       0xf4 C:/ST/STM32CubeIDE_1.19.0/STM32CubeIDE/plugins/com.st.stm32cube.ide.mcu.externaltools.gnu-tools-for-stm32.13.3.rel1.win32_1.0.0.202411081344/tools/bin/../lib/gcc/arm-none-eabi/13.3.1/../../../../arm-none-eabi/lib/thumb/v7e-m+fp/hard\libc_nano.a(libc_a-strtol.o)
 .text._strtol_r
                0x080100d0        0x4 C:/ST/STM32CubeIDE_1.19.0/STM32CubeIDE/plugins/com.st.stm32cube.ide.mcu.externaltools.gnu-tools-for-stm32.13.3.rel1.win32_1.0.0.202411081344/tools/bin/../lib/gcc/arm-none-eabi/13.3.1/../../../../arm-none-eabi/lib/thumb/v7e-m+fp/hard\libc_nano.a(libc_a-strtol.o)
                0x080100d0                _strtol_r
 .text.__ascii_wctomb
                0x080100d4       0x1a C:/ST/STM32CubeIDE_1.19.0/STM32CubeIDE/plugins/com.st.stm32cube.ide.mcu.externaltools.gnu-tools-for-stm32.13.3.rel1.win32_1.0.0.202411081344/tools/bin/../lib/gcc/arm-none-eabi/13.3.1/../../../../arm-none-eabi/lib/thumb/v7e-m+fp/hard\libc_nano.a(libc_a-wctomb_r.o)
                0x080100d4                __ascii_wctomb
 .text.__ssputs_r
                0x080100ee       0xb6 C:/ST/STM32CubeIDE_1.19.0/STM32CubeIDE/plugins/com.st.stm32cube.ide.mcu.externaltools.gnu-tools-for-stm32.13.3.rel1.win32_1.0.0.202411081344/tools/bin/../lib/gcc/arm-none-eabi/13.3.1/../../../../arm-none-eabi/lib/thumb/v7e-m+fp/hard\libc_nano.a(libc_a-nano-svfprintf.o)
                0x080100ee                __ssputs_r
 .text._svfprintf_r
                0x080101a4      0x1f8 C:/ST/STM32CubeIDE_1.19.0/STM32CubeIDE/plugins/com.st.stm32cube.ide.mcu.externaltools.gnu-tools-for-stm32.13.3.rel1.win32_1.0.0.202411081344/tools/bin/../lib/gcc/arm-none-eabi/13.3.1/../../../../arm-none-eabi/lib/thumb/v7e-m+fp/hard\libc_nano.a(libc_a-nano-svfprintf.o)
                0x080101a4                _svfiprintf_r
                0x080101a4                _svfprintf_r
 .text.__sfputc_r
                0x0801039c       0x2e C:/ST/STM32CubeIDE_1.19.0/STM32CubeIDE/plugins/com.st.stm32cube.ide.mcu.externaltools.gnu-tools-for-stm32.13.3.rel1.win32_1.0.0.202411081344/tools/bin/../lib/gcc/arm-none-eabi/13.3.1/../../../../arm-none-eabi/lib/thumb/v7e-m+fp/hard\libc_nano.a(libc_a-nano-vfprintf.o)
 .text.__sfputs_r
                0x080103ca       0x24 C:/ST/STM32CubeIDE_1.19.0/STM32CubeIDE/plugins/com.st.stm32cube.ide.mcu.externaltools.gnu-tools-for-stm32.13.3.rel1.win32_1.0.0.202411081344/tools/bin/../lib/gcc/arm-none-eabi/13.3.1/../../../../arm-none-eabi/lib/thumb/v7e-m+fp/hard\libc_nano.a(libc_a-nano-vfprintf.o)
                0x080103ca                __sfputs_r
 *fill*         0x080103ee        0x2 
 .text._vfprintf_r