../Core/user/sys/app.c:33:21:clampf_local	24	static
../Core/user/sys/app.c:38:6:set_remote_forward_speed	16	static,ignoring_inline_asm
../Core/user/sys/app.c:44:6:set_remote_turn_angle	24	static,ignoring_inline_asm
../Core/user/sys/app.c:51:6:set_remote_leg_delta	16	static,ignoring_inline_asm
../Core/user/sys/app.c:57:6:emergency_stop_motors	4	static,ignoring_inline_asm
../Core/user/sys/app.c:75:6:HVHP	16	static
../Core/user/sys/app.c:79:6:appSetup	8	static
../Core/user/sys/app.c:112:6:appLoop	8	static
../Core/user/sys/app.c:176:6:motionCtrlCycle	4	static
../Core/user/sys/app.c:180:6:apply_remote_command	56	static
../Core/user/sys/app.c:209:6:HAL_TIM_PeriodElapsedCallback	16	static
