../Core/user/sys/compute.c:24:7:clampf	24	static
../Core/user/sys/compute.c:35:6:fivebar_inverse_kinematics	88	static
../Core/user/sys/compute.c:111:6:quat2euler	64	static
../Core/user/sys/compute.c:137:6:control_init	8	static
../Core/user/sys/compute.c:154:6:control_loop	40	static
../Core/user/sys/compute.c:171:6:control_loop_simulinkLoopTest	56	static
../Core/user/sys/compute.c:194:6:control_loop_simulinkLoopTestRx	40	static
../Core/user/sys/compute.c:227:6:uart1DMA	24	static
../Core/user/sys/compute.c:249:6:control_comm_init	8	static
