../Core/user/sys/compute.c:24:7:clampf	24	static
../Core/user/sys/compute.c:35:6:fivebar_inverse_kinematics	88	static
../Core/user/sys/compute.c:104:6:quat2euler	64	static
../Core/user/sys/compute.c:130:6:control_init	8	static
../Core/user/sys/compute.c:147:6:control_loop	48	static
../Core/user/sys/compute.c:168:6:control_loop_simulinkLoopTest	56	static
../Core/user/sys/compute.c:191:6:control_loop_simulinkLoopTestRx	40	static
../Core/user/sys/compute.c:224:6:uart1DMA	24	static
../Core/user/sys/compute.c:246:6:control_comm_init	8	static
