../Core/user/mpu6500/inv_mpu_dmp_motion_driver.c:507:5:dmp_load_motion_driver_firmware	8	static
../Core/user/mpu6500/inv_mpu_dmp_motion_driver.c:520:5:dmp_set_orientation	40	static
../Core/user/mpu6500/inv_mpu_dmp_motion_driver.c:575:5:dmp_set_gyro_bias	80	static
../Core/user/mpu6500/inv_mpu_dmp_motion_driver.c:627:5:dmp_set_accel_bias	112	static,ignoring_inline_asm
../Core/user/mpu6500/inv_mpu_dmp_motion_driver.c:679:5:dmp_set_fifo_rate	40	static
../Core/user/mpu6500/inv_mpu_dmp_motion_driver.c:705:5:dmp_get_fifo_rate	16	static
../Core/user/mpu6500/inv_mpu_dmp_motion_driver.c:717:5:dmp_set_tap_thresh	32	static
../Core/user/mpu6500/inv_mpu_dmp_motion_driver.c:783:5:dmp_set_tap_axes	24	static
../Core/user/mpu6500/inv_mpu_dmp_motion_driver.c:801:5:dmp_set_tap_count	24	static
../Core/user/mpu6500/inv_mpu_dmp_motion_driver.c:819:5:dmp_set_tap_time	24	static
../Core/user/mpu6500/inv_mpu_dmp_motion_driver.c:835:5:dmp_set_tap_time_multi	24	static
../Core/user/mpu6500/inv_mpu_dmp_motion_driver.c:853:5:dmp_set_shake_reject_thresh	24	static
../Core/user/mpu6500/inv_mpu_dmp_motion_driver.c:872:5:dmp_set_shake_reject_time	24	static
../Core/user/mpu6500/inv_mpu_dmp_motion_driver.c:890:5:dmp_set_shake_reject_timeout	24	static
../Core/user/mpu6500/inv_mpu_dmp_motion_driver.c:905:5:dmp_get_pedometer_step_count	24	static
../Core/user/mpu6500/inv_mpu_dmp_motion_driver.c:926:5:dmp_set_pedometer_step_count	24	static
../Core/user/mpu6500/inv_mpu_dmp_motion_driver.c:942:5:dmp_get_pedometer_walk_time	24	static
../Core/user/mpu6500/inv_mpu_dmp_motion_driver.c:962:5:dmp_set_pedometer_walk_time	24	static
../Core/user/mpu6500/inv_mpu_dmp_motion_driver.c:992:5:dmp_enable_feature	32	static
../Core/user/mpu6500/inv_mpu_dmp_motion_driver.c:1114:5:dmp_get_enabled_features	16	static
../Core/user/mpu6500/inv_mpu_dmp_motion_driver.c:1129:5:dmp_enable_gyro_cal	40	static
../Core/user/mpu6500/inv_mpu_dmp_motion_driver.c:1147:5:dmp_enable_lp_quat	24	static
../Core/user/mpu6500/inv_mpu_dmp_motion_driver.c:1171:5:dmp_enable_6x_lp_quat	24	static
../Core/user/mpu6500/inv_mpu_dmp_motion_driver.c:1192:12:decode_gesture	24	static
../Core/user/mpu6500/inv_mpu_dmp_motion_driver.c:1224:5:dmp_set_interrupt_mode	40	static
../Core/user/mpu6500/inv_mpu_dmp_motion_driver.c:1263:5:dmp_read_fifo	80	static
../Core/user/mpu6500/inv_mpu_dmp_motion_driver.c:1356:5:dmp_register_tap_cb	16	static
../Core/user/mpu6500/inv_mpu_dmp_motion_driver.c:1367:5:dmp_register_android_orient_cb	16	static
